Archive member included to satisfy reference by file (symbol)

e:/myinstall/arm-none-eabi/bin/../lib/gcc/arm-none-eabi/10.3.1/thumb/v7e-m/nofp\libgcc.a(_arm_addsubdf3.o)
                              CMakeFiles/liteos.elf.dir/kernel/src/los_tick.c.obj (__aeabi_ui2d)
e:/myinstall/arm-none-eabi/bin/../lib/gcc/arm-none-eabi/10.3.1/thumb/v7e-m/nofp\libgcc.a(_arm_muldivdf3.o)
                              CMakeFiles/liteos.elf.dir/kernel/src/los_tick.c.obj (__aeabi_ddiv)
e:/myinstall/arm-none-eabi/bin/../lib/gcc/arm-none-eabi/10.3.1/thumb/v7e-m/nofp\libgcc.a(_aeabi_uldivmod.o)
                              CMakeFiles/liteos.elf.dir/Drivers/STM32F4xx_HAL_Driver/Src/stm32f4xx_hal_rcc.c.obj (__aeabi_uldivmod)
e:/myinstall/arm-none-eabi/bin/../lib/gcc/arm-none-eabi/10.3.1/thumb/v7e-m/nofp\libgcc.a(_fixunsdfdi.o)
                              CMakeFiles/liteos.elf.dir/kernel/src/los_tick.c.obj (__aeabi_d2ulz)
e:/myinstall/arm-none-eabi/bin/../lib/gcc/arm-none-eabi/10.3.1/thumb/v7e-m/nofp\libgcc.a(_udivmoddi4.o)
                              e:/myinstall/arm-none-eabi/bin/../lib/gcc/arm-none-eabi/10.3.1/thumb/v7e-m/nofp\libgcc.a(_aeabi_uldivmod.o) (__udivmoddi4)
e:/myinstall/arm-none-eabi/bin/../lib/gcc/arm-none-eabi/10.3.1/thumb/v7e-m/nofp\libgcc.a(_dvmd_tls.o)
                              e:/myinstall/arm-none-eabi/bin/../lib/gcc/arm-none-eabi/10.3.1/thumb/v7e-m/nofp\libgcc.a(_aeabi_uldivmod.o) (__aeabi_ldiv0)
e:/myinstall/arm-none-eabi/bin/../lib/gcc/arm-none-eabi/10.3.1/thumb/v7e-m/nofp\libgcc.a(_arm_fixunsdfsi.o)
                              e:/myinstall/arm-none-eabi/bin/../lib/gcc/arm-none-eabi/10.3.1/thumb/v7e-m/nofp\libgcc.a(_fixunsdfdi.o) (__aeabi_d2uiz)
e:/myinstall/arm-none-eabi/bin/../lib/gcc/arm-none-eabi/10.3.1/../../../../arm-none-eabi/lib/thumb/v7e-m/nofp\libg.a(lib_a-errno.o)
                              CMakeFiles/liteos.elf.dir/Core/Src/syscalls.c.obj (__errno)
e:/myinstall/arm-none-eabi/bin/../lib/gcc/arm-none-eabi/10.3.1/../../../../arm-none-eabi/lib/thumb/v7e-m/nofp\libg.a(lib_a-exit.o)
                              e:/myinstall/arm-none-eabi/bin/../lib/gcc/arm-none-eabi/10.3.1/../../../../arm-none-eabi/lib/thumb/v7e-m/nofp/crt0.o (exit)
e:/myinstall/arm-none-eabi/bin/../lib/gcc/arm-none-eabi/10.3.1/../../../../arm-none-eabi/lib/thumb/v7e-m/nofp\libg.a(lib_a-impure.o)
                              e:/myinstall/arm-none-eabi/bin/../lib/gcc/arm-none-eabi/10.3.1/../../../../arm-none-eabi/lib/thumb/v7e-m/nofp\libg.a(lib_a-exit.o) (_global_impure_ptr)
e:/myinstall/arm-none-eabi/bin/../lib/gcc/arm-none-eabi/10.3.1/../../../../arm-none-eabi/lib/thumb/v7e-m/nofp\libg.a(lib_a-init.o)
                              e:/myinstall/arm-none-eabi/bin/../lib/gcc/arm-none-eabi/10.3.1/../../../../arm-none-eabi/lib/thumb/v7e-m/nofp/crt0.o (__libc_init_array)
e:/myinstall/arm-none-eabi/bin/../lib/gcc/arm-none-eabi/10.3.1/../../../../arm-none-eabi/lib/thumb/v7e-m/nofp\libg.a(lib_a-memcpy.o)
                              CMakeFiles/liteos.elf.dir/kernel/arch/los_context.c.obj (memcpy)
e:/myinstall/arm-none-eabi/bin/../lib/gcc/arm-none-eabi/10.3.1/../../../../arm-none-eabi/lib/thumb/v7e-m/nofp\libg.a(lib_a-memset.o)
                              e:/myinstall/arm-none-eabi/bin/../lib/gcc/arm-none-eabi/10.3.1/../../../../arm-none-eabi/lib/thumb/v7e-m/nofp/crt0.o (memset)
e:/myinstall/arm-none-eabi/bin/../lib/gcc/arm-none-eabi/10.3.1/../../../../arm-none-eabi/lib/thumb/v7e-m/nofp\libg.a(lib_a-printf.o)
                              CMakeFiles/liteos.elf.dir/Core/Src/main.c.obj (printf)
e:/myinstall/arm-none-eabi/bin/../lib/gcc/arm-none-eabi/10.3.1/../../../../arm-none-eabi/lib/thumb/v7e-m/nofp\libg.a(lib_a-putchar.o)
                              CMakeFiles/liteos.elf.dir/kernel/arch/los_interrupt.c.obj (putchar)
e:/myinstall/arm-none-eabi/bin/../lib/gcc/arm-none-eabi/10.3.1/../../../../arm-none-eabi/lib/thumb/v7e-m/nofp\libg.a(lib_a-puts.o)
                              CMakeFiles/liteos.elf.dir/Core/Src/main.c.obj (puts)
e:/myinstall/arm-none-eabi/bin/../lib/gcc/arm-none-eabi/10.3.1/../../../../arm-none-eabi/lib/thumb/v7e-m/nofp\libg.a(lib_a-strcpy.o)
                              CMakeFiles/liteos.elf.dir/Core/Src/main.c.obj (strcpy)
e:/myinstall/arm-none-eabi/bin/../lib/gcc/arm-none-eabi/10.3.1/../../../../arm-none-eabi/lib/thumb/v7e-m/nofp\libg.a(lib_a-strlen.o)
                              e:/myinstall/arm-none-eabi/bin/../lib/gcc/arm-none-eabi/10.3.1/../../../../arm-none-eabi/lib/thumb/v7e-m/nofp\libg.a(lib_a-puts.o) (strlen)
e:/myinstall/arm-none-eabi/bin/../lib/gcc/arm-none-eabi/10.3.1/../../../../arm-none-eabi/lib/thumb/v7e-m/nofp\libg.a(lib_a-vfprintf.o)
                              e:/myinstall/arm-none-eabi/bin/../lib/gcc/arm-none-eabi/10.3.1/../../../../arm-none-eabi/lib/thumb/v7e-m/nofp\libg.a(lib_a-printf.o) (_vfprintf_r)
e:/myinstall/arm-none-eabi/bin/../lib/gcc/arm-none-eabi/10.3.1/../../../../arm-none-eabi/lib/thumb/v7e-m/nofp\libg.a(lib_a-wsetup.o)
[...]
Memory Configuration

Name             Origin             Length             Attributes
RAM              0x20000000         0x00018000         xrw
FLASH            0x08000000         0x00080000         xr
*default*        0x00000000         0xffffffff

Linker script and memory map

LOAD e:/myinstall/arm-none-eabi/bin/../lib/gcc/arm-none-eabi/10.3.1/thumb/v7e-m/nofp/crti.o
LOAD e:/myinstall/arm-none-eabi/bin/../lib/gcc/arm-none-eabi/10.3.1/thumb/v7e-m/nofp/crtbegin.o
LOAD e:/myinstall/arm-none-eabi/bin/../lib/gcc/arm-none-eabi/10.3.1/../../../../arm-none-eabi/lib/thumb/v7e-m/nofp/crt0.o
LOAD CMakeFiles/liteos.elf.dir/Core/Src/gpio.c.obj
LOAD CMakeFiles/liteos.elf.dir/Core/Src/main.c.obj
LOAD CMakeFiles/liteos.elf.dir/Core/Src/stm32f4xx_hal_msp.c.obj
LOAD CMakeFiles/liteos.elf.dir/Core/Src/stm32f4xx_it.c.obj
LOAD CMakeFiles/liteos.elf.dir/Core/Src/syscalls.c.obj
LOAD CMakeFiles/liteos.elf.dir/Core/Src/sysmem.c.obj
LOAD CMakeFiles/liteos.elf.dir/Core/Src/system_stm32f4xx.c.obj
LOAD CMakeFiles/liteos.elf.dir/Core/Src/usart.c.obj
LOAD CMakeFiles/liteos.elf.dir/Core/Startup/startup_stm32f401retx.s.obj
LOAD CMakeFiles/liteos.elf.dir/Drivers/STM32F4xx_HAL_Driver/Src/stm32f4xx_hal.c.obj
LOAD CMakeFiles/liteos.elf.dir/Drivers/STM32F4xx_HAL_Driver/Src/stm32f4xx_hal_cortex.c.obj
LOAD CMakeFiles/liteos.elf.dir/Drivers/STM32F4xx_HAL_Driver/Src/stm32f4xx_hal_dma.c.obj
LOAD CMakeFiles/liteos.elf.dir/Drivers/STM32F4xx_HAL_Driver/Src/stm32f4xx_hal_dma_ex.c.obj
LOAD CMakeFiles/liteos.elf.dir/Drivers/STM32F4xx_HAL_Driver/Src/stm32f4xx_hal_exti.c.obj
LOAD CMakeFiles/liteos.elf.dir/Drivers/STM32F4xx_HAL_Driver/Src/stm32f4xx_hal_flash.c.obj
LOAD CMakeFiles/liteos.elf.dir/Drivers/STM32F4xx_HAL_Driver/Src/stm32f4xx_hal_flash_ex.c.obj
LOAD CMakeFiles/liteos.elf.dir/Drivers/STM32F4xx_HAL_Driver/Src/stm32f4xx_hal_flash_ramfunc.c.obj
LOAD CMakeFiles/liteos.elf.dir/Drivers/STM32F4xx_HAL_Driver/Src/stm32f4xx_hal_gpio.c.obj
LOAD CMakeFiles/liteos.elf.dir/Drivers/STM32F4xx_HAL_Driver/Src/stm32f4xx_hal_pwr.c.obj
LOAD CMakeFiles/liteos.elf.dir/Drivers/STM32F4xx_HAL_Driver/Src/stm32f4xx_hal_pwr_ex.c.obj
LOAD CMakeFiles/liteos.elf.dir/Drivers/STM32F4xx_HAL_Driver/Src/stm32f4xx_hal_rcc.c.obj
LOAD CMakeFiles/liteos.elf.dir/Drivers/STM32F4xx_HAL_Driver/Src/stm32f4xx_hal_rcc_ex.c.obj
LOAD CMakeFiles/liteos.elf.dir/Drivers/STM32F4xx_HAL_Driver/Src/stm32f4xx_hal_tim.c.obj
LOAD CMakeFiles/liteos.elf.dir/Drivers/STM32F4xx_HAL_Driver/Src/stm32f4xx_hal_tim_ex.c.obj
LOAD CMakeFiles/liteos.elf.dir/Drivers/STM32F4xx_HAL_Driver/Src/stm32f4xx_hal_uart.c.obj
LOAD CMakeFiles/liteos.elf.dir/kernel/arch/los_context.c.obj
LOAD CMakeFiles/liteos.elf.dir/kernel/arch/los_dispatch.s.obj
LOAD CMakeFiles/liteos.elf.dir/kernel/arch/los_exc.s.obj
LOAD CMakeFiles/liteos.elf.dir/kernel/arch/los_interrupt.c.obj
LOAD CMakeFiles/liteos.elf.dir/kernel/arch/los_mpu.c.obj
LOAD CMakeFiles/liteos.elf.dir/kernel/arch/los_timer.c.obj
LOAD CMakeFiles/liteos.elf.dir/kernel/src/los_debug.c.obj
LOAD CMakeFiles/liteos.elf.dir/kernel/src/los_event.c.obj
LOAD CMakeFiles/liteos.elf.dir/kernel/src/los_hook.c.obj
LOAD CMakeFiles/liteos.elf.dir/kernel/src/los_init.c.obj
LOAD CMakeFiles/liteos.elf.dir/kernel/src/los_mux.c.obj
LOAD CMakeFiles/liteos.elf.dir/kernel/src/los_queue.c.obj
LOAD CMakeFiles/liteos.elf.dir/kernel/src/los_sched.c.obj
LOAD CMakeFiles/liteos.elf.dir/kernel/src/los_sem.c.obj
LOAD CMakeFiles/liteos.elf.dir/kernel/src/los_sortlink.c.obj
LOAD CMakeFiles/liteos.elf.dir/kernel/src/los_swtmr.c.obj
LOAD CMakeFiles/liteos.elf.dir/kernel/src/los_task.c.obj
LOAD CMakeFiles/liteos.elf.dir/kernel/src/los_tick.c.obj
LOAD CMakeFiles/liteos.elf.dir/kernel/src/mm/los_membox.c.obj
LOAD CMakeFiles/liteos.elf.dir/kernel/src/mm/los_memory.c.obj
LOAD CMakeFiles/liteos.elf.dir/utils/los_error.c.obj
START GROUP
LOAD e:/myinstall/arm-none-eabi/bin/../lib/gcc/arm-none-eabi/10.3.1/thumb/v7e-m/nofp\libgcc.a
LOAD e:/myinstall/arm-none-eabi/bin/../lib/gcc/arm-none-eabi/10.3.1/../../../../arm-none-eabi/lib/thumb/v7e-m/nofp\libg.a
LOAD e:/myinstall/arm-none-eabi/bin/../lib/gcc/arm-none-eabi/10.3.1/../../../../arm-none-eabi/lib/thumb/v7e-m/nofp\libc.a
END GROUP
LOAD e:/myinstall/arm-none-eabi/bin/../lib/gcc/arm-none-eabi/10.3.1/thumb/v7e-m/nofp/crtend.o
LOAD e:/myinstall/arm-none-eabi/bin/../lib/gcc/arm-none-eabi/10.3.1/thumb/v7e-m/nofp/crtn.o
                0x20018000                _estack = (ORIGIN (RAM) + LENGTH (RAM))
                0x00000200                _Min_Heap_Size = 0x200
                0x00000400                _Min_Stack_Size = 0x400

.isr_vector     0x08000000      0x194
                0x08000000                . = ALIGN (0x4)
 *(.isr_vector)
 .isr_vector    0x08000000      0x194 CMakeFiles/liteos.elf.dir/Core/Startup/startup_stm32f401retx.s.obj
                0x08000000                g_pfnVectors
                0x08000194                . = ALIGN (0x4)

.text           0x080001c0     0xb2d8
                0x080001c0                . = ALIGN (0x4)
 *(.text)
 .text          0x080001c0       0x40 e:/myinstall/arm-none-eabi/bin/../lib/gcc/arm-none-eabi/10.3.1/thumb/v7e-m/nofp/crtbegin.o
 .text          0x08000200       0xf8 CMakeFiles/liteos.elf.dir/kernel/arch/los_dispatch.s.obj
                0x08000200                HalStartToRun
                0x08000256                HalIntLock
                0x0800025e                HalIntUnLock
                0x08000266                HalIntRestore
                0x0800026c                HalTaskSchedule
                0x0800027e                HalPendSV
 .text          0x080002f8      0x378 e:/myinstall/arm-none-eabi/bin/../lib/gcc/arm-none-eabi/10.3.1/thumb/v7e-m/nofp\libgcc.a(_arm_addsubdf3.o)
                0x080002f8                __aeabi_drsub
                0x08000300                __aeabi_dsub
                0x08000300                __subdf3
                0x08000304                __aeabi_dadd
                0x08000304                __adddf3
                0x0800057c                __floatunsidf
                0x0800057c                __aeabi_ui2d
                0x0800059c                __floatsidf
                0x0800059c                __aeabi_i2d
                0x080005c0                __aeabi_f2d
                0x080005c0                __extendsfdf2
                0x08000604                __floatundidf
                0x08000604                __aeabi_ul2d
                0x08000614                __floatdidf
                0x08000614                __aeabi_l2d
 .text          0x08000670      0x424 e:/myinstall/arm-none-eabi/bin/../lib/gcc/arm-none-eabi/10.3.1/thumb/v7e-m/nofp\libgcc.a(_arm_muldivdf3.o)
                0x08000670                __aeabi_dmul
                0x08000670                __muldf3
                0x080008c4                __divdf3
                0x080008c4                __aeabi_ddiv
 .text          0x08000a94       0x30 e:/myinstall/arm-none-eabi/bin/../lib/gcc/arm-none-eabi/10.3.1/thumb/v7e-m/nofp\libgcc.a(_aeabi_uldivmod.o)
                0x08000a94                __aeabi_uldivmod
 .text          0x08000ac4      0x2d0 e:/myinstall/arm-none-eabi/bin/../lib/gcc/arm-none-eabi/10.3.1/thumb/v7e-m/nofp\libgcc.a(_udivmoddi4.o)
                0x08000ac4                __udivmoddi4
 .text          0x08000d94        0x4 e:/myinstall/arm-none-eabi/bin/../lib/gcc/arm-none-eabi/10.3.1/thumb/v7e-m/nofp\libgcc.a(_dvmd_tls.o)
                0x08000d94                __aeabi_idiv0
                0x08000d94                __aeabi_ldiv0
 .text          0x08000d98      0x134 e:/myinstall/arm-none-eabi/bin/../lib/gcc/arm-none-eabi/10.3.1/../../../../arm-none-eabi/lib/thumb/v7e-m/nofp\libg.a(lib_a-memcpy.o)
                0x08000d98                memcpy
 *fill*         0x08000ecc       0x34 
 .text          0x08000f00       0xdc e:/myinstall/arm-none-eabi/bin/../lib/gcc/arm-none-eabi/10.3.1/../../../../arm-none-eabi/lib/thumb/v7e-m/nofp\libg.a(lib_a-strlen.o)
                0x08000f00                strlen
 *fill*         0x08000fdc        0x4 
 .text          0x08000fe0       0xa0 e:/myinstall/arm-none-eabi/bin/../lib/gcc/arm-none-eabi/10.3.1/../../../../arm-none-eabi/lib/thumb/v7e-m/nofp\libg.a(lib_a-memchr.o)
                0x08000fe0                memchr
 .text          0x08001080      0x110 e:/myinstall/arm-none-eabi/bin/../lib/gcc/arm-none-eabi/10.3.1/thumb/v7e-m/nofp\libgcc.a(_arm_cmpdf2.o)
                0x08001080                __gtdf2
                0x08001080                __gedf2
                0x08001088                __ltdf2
                0x08001088                __ledf2
                0x08001090                __nedf2
                0x08001090                __eqdf2
                0x08001090                __cmpdf2
                0x0800110c                __aeabi_cdrcmple
                0x0800111c                __aeabi_cdcmpeq
                0x0800111c                __aeabi_cdcmple
                0x0800112c                __aeabi_dcmpeq
                0x08001140                __aeabi_dcmplt
                0x08001154                __aeabi_dcmple
                0x08001168                __aeabi_dcmpge
                0x0800117c                __aeabi_dcmpgt
 .text          0x08001190       0x2c e:/myinstall/arm-none-eabi/bin/../lib/gcc/arm-none-eabi/10.3.1/thumb/v7e-m/nofp\libgcc.a(_arm_unorddf2.o)
                0x08001190                __unorddf2
                0x08001190                __aeabi_dcmpun
 .text          0x080011bc       0x50 e:/myinstall/arm-none-eabi/bin/../lib/gcc/arm-none-eabi/10.3.1/thumb/v7e-m/nofp\libgcc.a(_arm_fixdfsi.o)
                0x080011bc                __aeabi_d2iz
                0x080011bc                __fixdfsi
 *(.text*)
 .text.MX_GPIO_Init
                0x0800120c       0x38 CMakeFiles/liteos.elf.dir/Core/Src/gpio.c.obj
                0x0800120c                MX_GPIO_Init
 .text.Task2    0x08001244       0x20 CMakeFiles/liteos.elf.dir/Core/Src/main.c.obj
 .text.Task1    0x08001264       0x20 CMakeFiles/liteos.elf.dir/Core/Src/main.c.obj
 .text.__io_putchar
                0x08001284       0x20 CMakeFiles/liteos.elf.dir/Core/Src/main.c.obj
                0x08001284                __io_putchar
 .text.AppTaskCreate
                0x080012a4       0x5c CMakeFiles/liteos.elf.dir/Core/Src/main.c.obj
                0x080012a4                AppTaskCreate
 .text.Error_Handler
                0x08001300        0x4 CMakeFiles/liteos.elf.dir/Core/Src/main.c.obj
                0x08001300                Error_Handler
 .text.SystemClock_Config
                0x08001304       0xc4 CMakeFiles/liteos.elf.dir/Core/Src/main.c.obj
                0x08001304                SystemClock_Config
 .text.main     0x080013c8       0x88 CMakeFiles/liteos.elf.dir/Core/Src/main.c.obj
                0x080013c8                main
 .text.HAL_MspInit
                0x08001450       0x38 CMakeFiles/liteos.elf.dir/Core/Src/stm32f4xx_hal_msp.c.obj
                0x08001450                HAL_MspInit
 .text.NMI_Handler
                0x08001488        0x2 CMakeFiles/liteos.elf.dir/Core/Src/stm32f4xx_it.c.obj
                0x08001488                NMI_Handler
 .text.HardFault_Handler
                0x0800148a        0x2 CMakeFiles/liteos.elf.dir/Core/Src/stm32f4xx_it.c.obj
                0x0800148a                HardFault_Handler
 .text.MemManage_Handler
                0x0800148c        0x2 CMakeFiles/liteos.elf.dir/Core/Src/stm32f4xx_it.c.obj
                0x0800148c                MemManage_Handler
 .text.BusFault_Handler
                0x0800148e        0x2 CMakeFiles/liteos.elf.dir/Core/Src/stm32f4xx_it.c.obj
                0x0800148e                BusFault_Handler
 .text.UsageFault_Handler
                0x08001490        0x2 CMakeFiles/liteos.elf.dir/Core/Src/stm32f4xx_it.c.obj
                0x08001490                UsageFault_Handler
 .text.SVC_Handler
                0x08001492        0x2 CMakeFiles/liteos.elf.dir/Core/Src/stm32f4xx_it.c.obj
                0x08001492                SVC_Handler
 .text.DebugMon_Handler
                0x08001494        0x2 CMakeFiles/liteos.elf.dir/Core/Src/stm32f4xx_it.c.obj
                0x08001494                DebugMon_Handler
 .text._getpid  0x08001496        0x4 CMakeFiles/liteos.elf.dir/Core/Src/syscalls.c.obj
                0x08001496                _getpid
 .text._kill    0x0800149a       0x10 CMakeFiles/liteos.elf.dir/Core/Src/syscalls.c.obj
                0x0800149a                _kill
 .text._exit    0x080014aa        0xc CMakeFiles/liteos.elf.dir/Core/Src/syscalls.c.obj
                0x080014aa                _exit
 .text._read    0x080014b6       0x20 CMakeFiles/liteos.elf.dir/Core/Src/syscalls.c.obj
                0x080014b6                _read
 .text._write   0x080014d6       0x1c CMakeFiles/liteos.elf.dir/Core/Src/syscalls.c.obj
                0x080014d6                _write
 .text._close   0x080014f2        0x6 CMakeFiles/liteos.elf.dir/Core/Src/syscalls.c.obj
                0x080014f2                _close
 .text._fstat   0x080014f8        0xa CMakeFiles/liteos.elf.dir/Core/Src/syscalls.c.obj
                0x080014f8                _fstat
 .text._isatty  0x08001502        0x4 CMakeFiles/liteos.elf.dir/Core/Src/syscalls.c.obj
                0x08001502                _isatty
 .text._lseek   0x08001506        0x4 CMakeFiles/liteos.elf.dir/Core/Src/syscalls.c.obj
                0x08001506                _lseek
 *fill*         0x0800150a        0x2 
 .text._sbrk    0x0800150c       0x48 CMakeFiles/liteos.elf.dir/Core/Src/sysmem.c.obj
                0x0800150c                _sbrk
 .text.SystemInit
                0x08001554        0x2 CMakeFiles/liteos.elf.dir/Core/Src/system_stm32f4xx.c.obj
                0x08001554                SystemInit
 *fill*         0x08001556        0x2 
 .text.MX_USART1_UART_Init
                0x08001558       0x34 CMakeFiles/liteos.elf.dir/Core/Src/usart.c.obj
                0x08001558                MX_USART1_UART_Init
 .text.HAL_UART_MspInit
                0x0800158c       0x94 CMakeFiles/liteos.elf.dir/Core/Src/usart.c.obj
                0x0800158c                HAL_UART_MspInit
 .text.Reset_Handler
                0x08001620       0x50 CMakeFiles/liteos.elf.dir/Core/Startup/startup_stm32f401retx.s.obj
                0x08001620                Reset_Handler
 .text.Default_Handler
                0x08001670        0x2 CMakeFiles/liteos.elf.dir/Core/Startup/startup_stm32f401retx.s.obj
                0x08001670                RTC_Alarm_IRQHandler
                0x08001670                EXTI2_IRQHandler
                0x08001670                SPI4_IRQHandler
                0x08001670                TIM1_CC_IRQHandler
                0x08001670                DMA2_Stream5_IRQHandler
                0x08001670                DMA1_Stream5_IRQHandler
                0x08001670                SysTick_Handler
                0x08001670                PVD_IRQHandler
                0x08001670                SDIO_IRQHandler
                0x08001670                TAMP_STAMP_IRQHandler
                0x08001670                PendSV_Handler
                0x08001670                EXTI3_IRQHandler
                0x08001670                TIM1_UP_TIM10_IRQHandler
                0x08001670                I2C3_ER_IRQHandler
                0x08001670                EXTI0_IRQHandler
                0x08001670                I2C2_EV_IRQHandler
                0x08001670                DMA1_Stream2_IRQHandler
                0x08001670                FPU_IRQHandler
                0x08001670                DMA2_Stream2_IRQHandler
                0x08001670                SPI1_IRQHandler
                0x08001670                TIM1_BRK_TIM9_IRQHandler
                0x08001670                DMA2_Stream3_IRQHandler
                0x08001670                USART6_IRQHandler
                0x08001670                DMA2_Stream0_IRQHandler
                0x08001670                TIM4_IRQHandler
                0x08001670                I2C1_EV_IRQHandler
                0x08001670                DMA1_Stream6_IRQHandler
                0x08001670                DMA1_Stream1_IRQHandler
                0x08001670                TIM3_IRQHandler
                0x08001670                RCC_IRQHandler
                0x08001670                Default_Handler
                0x08001670                EXTI15_10_IRQHandler
                0x08001670                ADC_IRQHandler
                0x08001670                DMA1_Stream7_IRQHandler
                0x08001670                TIM5_IRQHandler
                0x08001670                DMA2_Stream7_IRQHandler
                0x08001670                I2C3_EV_IRQHandler
                0x08001670                EXTI9_5_IRQHandler
                0x08001670                RTC_WKUP_IRQHandler
                0x08001670                SPI2_IRQHandler
                0x08001670                DMA1_Stream0_IRQHandler
                0x08001670                EXTI4_IRQHandler
                0x08001670                WWDG_IRQHandler
                0x08001670                TIM2_IRQHandler
                0x08001670                OTG_FS_WKUP_IRQHandler
                0x08001670                TIM1_TRG_COM_TIM11_IRQHandler
                0x08001670                EXTI1_IRQHandler
                0x08001670                USART2_IRQHandler
                0x08001670                I2C2_ER_IRQHandler
                0x08001670                DMA2_Stream1_IRQHandler
                0x08001670                FLASH_IRQHandler
                0x08001670                DMA2_Stream4_IRQHandler
                0x08001670                USART1_IRQHandler
                0x08001670                OTG_FS_IRQHandler
                0x08001670                SPI3_IRQHandler
                0x08001670                DMA1_Stream4_IRQHandler
                0x08001670                I2C1_ER_IRQHandler
                0x08001670                DMA2_Stream6_IRQHandler
                0x08001670                DMA1_Stream3_IRQHandler
 *fill*         0x08001672        0x2 
 .text.HAL_InitTick
                0x08001674       0x4c CMakeFiles/liteos.elf.dir/Drivers/STM32F4xx_HAL_Driver/Src/stm32f4xx_hal.c.obj
                0x08001674                HAL_InitTick
 .text.HAL_Init
                0x080016c0       0x34 CMakeFiles/liteos.elf.dir/Drivers/STM32F4xx_HAL_Driver/Src/stm32f4xx_hal.c.obj
                0x080016c0                HAL_Init
 .text.HAL_GetTick
                0x080016f4        0xc CMakeFiles/liteos.elf.dir/Drivers/STM32F4xx_HAL_Driver/Src/stm32f4xx_hal.c.obj
                0x080016f4                HAL_GetTick
 .text.HAL_NVIC_SetPriorityGrouping
                0x08001700       0x24 CMakeFiles/liteos.elf.dir/Drivers/STM32F4xx_HAL_Driver/Src/stm32f4xx_hal_cortex.c.obj
                0x08001700                HAL_NVIC_SetPriorityGrouping
 .text.HAL_NVIC_SetPriority
                0x08001724       0x70 CMakeFiles/liteos.elf.dir/Drivers/STM32F4xx_HAL_Driver/Src/stm32f4xx_hal_cortex.c.obj
                0x08001724                HAL_NVIC_SetPriority
 .text.HAL_SYSTICK_Config
                0x08001794       0x28 CMakeFiles/liteos.elf.dir/Drivers/STM32F4xx_HAL_Driver/Src/stm32f4xx_hal_cortex.c.obj
                0x08001794                HAL_SYSTICK_Config
 .text.HAL_GPIO_Init
                0x080017bc      0x1c0 CMakeFiles/liteos.elf.dir/Drivers/STM32F4xx_HAL_Driver/Src/stm32f4xx_hal_gpio.c.obj
                0x080017bc                HAL_GPIO_Init
 .text.HAL_RCC_OscConfig
                0x0800197c      0x3f8 CMakeFiles/liteos.elf.dir/Drivers/STM32F4xx_HAL_Driver/Src/stm32f4xx_hal_rcc.c.obj
                0x0800197c                HAL_RCC_OscConfig
 .text.HAL_RCC_GetSysClockFreq
                0x08001d74       0xd4 CMakeFiles/liteos.elf.dir/Drivers/STM32F4xx_HAL_Driver/Src/stm32f4xx_hal_rcc.c.obj
                0x08001d74                HAL_RCC_GetSysClockFreq
 .text.HAL_RCC_ClockConfig
                0x08001e48      0x160 CMakeFiles/liteos.elf.dir/Drivers/STM32F4xx_HAL_Driver/Src/stm32f4xx_hal_rcc.c.obj
                0x08001e48                HAL_RCC_ClockConfig
 .text.HAL_RCC_GetHCLKFreq
                0x08001fa8        0xc CMakeFiles/liteos.elf.dir/Drivers/STM32F4xx_HAL_Driver/Src/stm32f4xx_hal_rcc.c.obj
                0x08001fa8                HAL_RCC_GetHCLKFreq
 .text.HAL_RCC_GetPCLK1Freq
                0x08001fb4       0x20 CMakeFiles/liteos.elf.dir/Drivers/STM32F4xx_HAL_Driver/Src/stm32f4xx_hal_rcc.c.obj
                0x08001fb4                HAL_RCC_GetPCLK1Freq
 .text.HAL_RCC_GetPCLK2Freq
                0x08001fd4       0x20 CMakeFiles/liteos.elf.dir/Drivers/STM32F4xx_HAL_Driver/Src/stm32f4xx_hal_rcc.c.obj
                0x08001fd4                HAL_RCC_GetPCLK2Freq
 .text.UART_SetConfig
                0x08001ff4      0x110 CMakeFiles/liteos.elf.dir/Drivers/STM32F4xx_HAL_Driver/Src/stm32f4xx_hal_uart.c.obj
 .text.UART_WaitOnFlagUntilTimeout
                0x08002104       0x88 CMakeFiles/liteos.elf.dir/Drivers/STM32F4xx_HAL_Driver/Src/stm32f4xx_hal_uart.c.obj
 .text.HAL_UART_Init
                0x0800218c       0x5e CMakeFiles/liteos.elf.dir/Drivers/STM32F4xx_HAL_Driver/Src/stm32f4xx_hal_uart.c.obj
                0x0800218c                HAL_UART_Init
 .text.HAL_UART_Transmit
                0x080021ea       0xd8 CMakeFiles/liteos.elf.dir/Drivers/STM32F4xx_HAL_Driver/Src/stm32f4xx_hal_uart.c.obj
                0x080021ea                HAL_UART_Transmit
 .text.HalSysExit
                0x080022c2        0x8 CMakeFiles/liteos.elf.dir/kernel/arch/los_context.c.obj
                0x080022c2                HalSysExit
 .text.memset_s
                0x080022ca       0x18 CMakeFiles/liteos.elf.dir/kernel/arch/los_context.c.obj
                0x080022ca                memset_s
 .text.memcpy_s
                0x080022e2       0x24 CMakeFiles/liteos.elf.dir/kernel/arch/los_context.c.obj
                0x080022e2                memcpy_s
 *fill*         0x08002306        0x2 
 .text.HalArchInit
                0x08002308       0x2c CMakeFiles/liteos.elf.dir/kernel/arch/los_context.c.obj
                0x08002308                HalArchInit
 .text.HalTskStackInit
                0x08002334       0xa0 CMakeFiles/liteos.elf.dir/kernel/arch/los_context.c.obj
                0x08002334                HalTskStackInit
 .text.HalStartSchedule
                0x080023d4       0x12 CMakeFiles/liteos.elf.dir/kernel/arch/los_context.c.obj
                0x080023d4                HalStartSchedule
 *fill*         0x080023e6        0x2 
 .text.HalIsIntActive
                0x080023e8       0x10 CMakeFiles/liteos.elf.dir/kernel/arch/los_interrupt.c.obj
                0x080023e8                HalIsIntActive
 .text.__stack_chk_fail
                0x080023f8       0x10 CMakeFiles/liteos.elf.dir/kernel/arch/los_interrupt.c.obj
                0x080023f8                __stack_chk_fail
 .text.HalHwiInit
                0x08002408       0x38 CMakeFiles/liteos.elf.dir/kernel/arch/los_interrupt.c.obj
                0x08002408                HalHwiInit
 .text.HalTickStart
                0x08002440       0x40 CMakeFiles/liteos.elf.dir/kernel/arch/los_timer.c.obj
                0x08002440                HalTickStart
 .text.HalSysTickReload
                0x08002480       0x1e CMakeFiles/liteos.elf.dir/kernel/arch/los_timer.c.obj
                0x08002480                HalSysTickReload
 .text.HalGetTickCycle
                0x0800249e       0x1e CMakeFiles/liteos.elf.dir/kernel/arch/los_timer.c.obj
                0x0800249e                HalGetTickCycle
 .text.HalEnterSleep
                0x080024bc        0xe CMakeFiles/liteos.elf.dir/kernel/arch/los_timer.c.obj
                0x080024bc                HalEnterSleep
 *fill*         0x080024ca        0x2 
 .text.OsDoExcHook
                0x080024cc       0x20 CMakeFiles/liteos.elf.dir/kernel/src/los_debug.c.obj
                0x080024cc                OsDoExcHook
 .text.OsLogLevelCheck
                0x080024ec       0x3c CMakeFiles/liteos.elf.dir/kernel/src/los_debug.c.obj
                0x080024ec                OsLogLevelCheck
 .text.LOS_EventInit
                0x08002528       0x1c CMakeFiles/liteos.elf.dir/kernel/src/los_event.c.obj
                0x08002528                LOS_EventInit
 .text.LOS_EventDestroy
                0x08002544       0x34 CMakeFiles/liteos.elf.dir/kernel/src/los_event.c.obj
                0x08002544                LOS_EventDestroy
 .text.OsRegister
                0x08002578        0xc CMakeFiles/liteos.elf.dir/kernel/src/los_init.c.obj
 .text.LOS_Panic
                0x08002584       0x34 CMakeFiles/liteos.elf.dir/kernel/src/los_init.c.obj
                0x08002584                LOS_Panic
 .text.LOS_Start
                0x080025b8        0x8 CMakeFiles/liteos.elf.dir/kernel/src/los_init.c.obj
                0x080025b8                LOS_Start
 .text.LOS_KernelInit
                0x080025c0       0xb4 CMakeFiles/liteos.elf.dir/kernel/src/los_init.c.obj
                0x080025c0                LOS_KernelInit
 .text.OsMuxInit
                0x08002674       0x6c CMakeFiles/liteos.elf.dir/kernel/src/los_mux.c.obj
                0x08002674                OsMuxInit
 .text.OsQueueBufferOperate
                0x080026e0      0x124 CMakeFiles/liteos.elf.dir/kernel/src/los_queue.c.obj
 .text.OsQueueInit
                0x08002804       0x70 CMakeFiles/liteos.elf.dir/kernel/src/los_queue.c.obj
                0x08002804                OsQueueInit
 .text.LOS_QueueCreate
                0x08002874       0xe0 CMakeFiles/liteos.elf.dir/kernel/src/los_queue.c.obj
                0x08002874                LOS_QueueCreate
 .text.OsQueueOperate
                0x08002954      0x144 CMakeFiles/liteos.elf.dir/kernel/src/los_queue.c.obj
                0x08002954                OsQueueOperate
 .text.LOS_QueueReadCopy
                0x08002a98       0x60 CMakeFiles/liteos.elf.dir/kernel/src/los_queue.c.obj
                0x08002a98                LOS_QueueReadCopy
 .text.LOS_QueueWriteCopy
                0x08002af8       0x58 CMakeFiles/liteos.elf.dir/kernel/src/los_queue.c.obj
                0x08002af8                LOS_QueueWriteCopy
 .text.OsSchedSetStartTime
                0x08002b50        0xc CMakeFiles/liteos.elf.dir/kernel/src/los_sched.c.obj
 .text.OsSchedResetSchedResponseTime
                0x08002b5c       0x20 CMakeFiles/liteos.elf.dir/kernel/src/los_sched.c.obj
                0x08002b5c                OsSchedResetSchedResponseTime
 .text.OsGetCurrSysTimeCycle
                0x08002b7c        0xa CMakeFiles/liteos.elf.dir/kernel/src/los_sched.c.obj
                0x08002b7c                OsGetCurrSysTimeCycle
 *fill*         0x08002b86        0x2 
 .text.OsSchedUpdateExpireTime
                0x08002b88      0x1c4 CMakeFiles/liteos.elf.dir/kernel/src/los_sched.c.obj
                0x08002b88                OsSchedUpdateExpireTime
 .text.OsSchedTaskEnQueue
                0x08002d4c       0xe4 CMakeFiles/liteos.elf.dir/kernel/src/los_sched.c.obj
                0x08002d4c                OsSchedTaskEnQueue
 .text.OsSchedTaskDeQueue
                0x08002e30       0x64 CMakeFiles/liteos.elf.dir/kernel/src/los_sched.c.obj
                0x08002e30                OsSchedTaskDeQueue
 .text.OsSchedTaskExit
                0x08002e94       0x4e CMakeFiles/liteos.elf.dir/kernel/src/los_sched.c.obj
                0x08002e94                OsSchedTaskExit
 *fill*         0x08002ee2        0x2 
 .text.OsSchedYield
                0x08002ee4       0x10 CMakeFiles/liteos.elf.dir/kernel/src/los_sched.c.obj
                0x08002ee4                OsSchedYield
 .text.OsSchedDelay
                0x08002ef4        0xc CMakeFiles/liteos.elf.dir/kernel/src/los_sched.c.obj
                0x08002ef4                OsSchedDelay
 .text.OsSchedTaskWait
                0x08002f00       0x38 CMakeFiles/liteos.elf.dir/kernel/src/los_sched.c.obj
                0x08002f00                OsSchedTaskWait
 .text.OsSchedTaskWake
                0x08002f38       0x48 CMakeFiles/liteos.elf.dir/kernel/src/los_sched.c.obj
                0x08002f38                OsSchedTaskWake
 .text.OsSchedSetIdleTaskSchedParam
                0x08002f80        0x8 CMakeFiles/liteos.elf.dir/kernel/src/los_sched.c.obj
                0x08002f80                OsSchedSetIdleTaskSchedParam
 .text.OsSchedSwtmrScanRegister
                0x08002f88       0x14 CMakeFiles/liteos.elf.dir/kernel/src/los_sched.c.obj
                0x08002f88                OsSchedSwtmrScanRegister
 .text.OsSchedInit
                0x08002f9c       0x58 CMakeFiles/liteos.elf.dir/kernel/src/los_sched.c.obj
                0x08002f9c                OsSchedInit
 .text.OsGetTopTask
                0x08002ff4       0x38 CMakeFiles/liteos.elf.dir/kernel/src/los_sched.c.obj
                0x08002ff4                OsGetTopTask
 .text.OsSchedStart
                0x0800302c      0x1f8 CMakeFiles/liteos.elf.dir/kernel/src/los_sched.c.obj
                0x0800302c                OsSchedStart
 .text.OsSchedTaskSwitch
                0x08003224      0x288 CMakeFiles/liteos.elf.dir/kernel/src/los_sched.c.obj
                0x08003224                OsSchedTaskSwitch
 .text.LOS_SchedTickHandler
                0x080034ac      0x1d4 CMakeFiles/liteos.elf.dir/kernel/src/los_sched.c.obj
                0x080034ac                LOS_SchedTickHandler
 .text.LOS_Schedule
                0x08003680       0x20 CMakeFiles/liteos.elf.dir/kernel/src/los_sched.c.obj
                0x08003680                LOS_Schedule
 .text.OsSemInit
                0x080036a0       0x6c CMakeFiles/liteos.elf.dir/kernel/src/los_sem.c.obj
                0x080036a0                OsSemInit
 .text.OsSortLinkInit
                0x0800370c        0x8 CMakeFiles/liteos.elf.dir/kernel/src/los_sortlink.c.obj
                0x0800370c                OsSortLinkInit
 .text.OsDeleteNodeSortLink
                0x08003714       0x1e CMakeFiles/liteos.elf.dir/kernel/src/los_sortlink.c.obj
                0x08003714                OsDeleteNodeSortLink
 *fill*         0x08003732        0x2 
 .text.OsAdd2SortLink
                0x08003734       0xe4 CMakeFiles/liteos.elf.dir/kernel/src/los_sortlink.c.obj
                0x08003734                OsAdd2SortLink
 .text.OsDeleteSortLink
                0x08003818       0x50 CMakeFiles/liteos.elf.dir/kernel/src/los_sortlink.c.obj
                0x08003818                OsDeleteSortLink
 .text.OsGetSortLinkAttribute
                0x08003868       0x34 CMakeFiles/liteos.elf.dir/kernel/src/los_sortlink.c.obj
                0x08003868                OsGetSortLinkAttribute
 .text.OsGetNextExpireTime
                0x0800389c       0x80 CMakeFiles/liteos.elf.dir/kernel/src/los_sortlink.c.obj
                0x0800389c                OsGetNextExpireTime
 .text.OsSwtmrCalcStartTime
                0x0800391c       0xbe CMakeFiles/liteos.elf.dir/kernel/src/los_swtmr.c.obj
 *fill*         0x080039da        0x2 
 .text.OsSwtmrTask
                0x080039dc       0xa4 CMakeFiles/liteos.elf.dir/kernel/src/los_swtmr.c.obj
                0x080039dc                OsSwtmrTask
 .text.OsSwtmrTaskCreate
                0x08003a80       0x60 CMakeFiles/liteos.elf.dir/kernel/src/los_swtmr.c.obj
                0x08003a80                OsSwtmrTaskCreate
 .text.OsSwtmrFindAlignPos
                0x08003ae0      0x10c CMakeFiles/liteos.elf.dir/kernel/src/los_swtmr.c.obj
                0x08003ae0                OsSwtmrFindAlignPos
 .text.OsSwtmrStart
                0x08003bec       0x80 CMakeFiles/liteos.elf.dir/kernel/src/los_swtmr.c.obj
                0x08003bec                OsSwtmrStart
 .text.OsSwtmrTimeoutHandle
                0x08003c6c       0xc0 CMakeFiles/liteos.elf.dir/kernel/src/los_swtmr.c.obj
 .text.OsSwtmrScan
                0x08003d2c       0x7c CMakeFiles/liteos.elf.dir/kernel/src/los_swtmr.c.obj
 .text.OsSwtmrInit
                0x08003da8       0xfc CMakeFiles/liteos.elf.dir/kernel/src/los_swtmr.c.obj
                0x08003da8                OsSwtmrInit
 .text.OsRecyleFinishedTask
                0x08003ea4       0x54 CMakeFiles/liteos.elf.dir/kernel/src/los_task.c.obj
 .text.OsIdleTask
                0x08003ef8       0x1c CMakeFiles/liteos.elf.dir/kernel/src/los_task.c.obj
                0x08003ef8                OsIdleTask
 .text.OsTaskInit
                0x08003f14       0xc4 CMakeFiles/liteos.elf.dir/kernel/src/los_task.c.obj
                0x08003f14                OsTaskInit
 .text.OsNewTaskInit
                0x08003fd8       0x54 CMakeFiles/liteos.elf.dir/kernel/src/los_task.c.obj
                0x08003fd8                OsNewTaskInit
 .text.LOS_TaskCreateOnly
                0x0800402c      0x114 CMakeFiles/liteos.elf.dir/kernel/src/los_task.c.obj
                0x0800402c                LOS_TaskCreateOnly
 .text.OsIdleTaskCreate
                0x08004140       0x7c CMakeFiles/liteos.elf.dir/kernel/src/los_task.c.obj
                0x08004140                OsIdleTaskCreate
 .text.LOS_TaskCreate
                0x080041bc       0x48 CMakeFiles/liteos.elf.dir/kernel/src/los_task.c.obj
                0x080041bc                LOS_TaskCreate
 .text.LOS_TaskDelete
                0x08004204      0x140 CMakeFiles/liteos.elf.dir/kernel/src/los_task.c.obj
                0x08004204                LOS_TaskDelete
 .text.OsTaskEntry
                0x08004344       0x3c CMakeFiles/liteos.elf.dir/kernel/src/los_task.c.obj
                0x08004344                OsTaskEntry
 .text.LOS_TaskYield
                0x08004380       0x1a CMakeFiles/liteos.elf.dir/kernel/src/los_task.c.obj
                0x08004380                LOS_TaskYield
 *fill*         0x0800439a        0x2 
 .text.LOS_TaskDelay
                0x0800439c       0x54 CMakeFiles/liteos.elf.dir/kernel/src/los_task.c.obj
                0x0800439c                LOS_TaskDelay
 .text.OsTickHandler
                0x080043f0        0x8 CMakeFiles/liteos.elf.dir/kernel/src/los_tick.c.obj
                0x080043f0                OsTickHandler
 .text.LOS_TickCountGet
                0x080043f8       0x3c CMakeFiles/liteos.elf.dir/kernel/src/los_tick.c.obj
                0x080043f8                LOS_TickCountGet
 .text.OsMemFreeListNodeCheck
                0x08004434       0x7e CMakeFiles/liteos.elf.dir/kernel/src/mm/los_memory.c.obj
 .text.OsMemNodeInfoGetHandle
                0x080044b2       0x58 CMakeFiles/liteos.elf.dir/kernel/src/mm/los_memory.c.obj
 *fill*         0x0800450a        0x2 
 .text.OsMemPoolHeadCheck
                0x0800450c       0xb8 CMakeFiles/liteos.elf.dir/kernel/src/mm/los_memory.c.obj
 .text.OsMemAddrValidCheckPrint
                0x080045c4       0x80 CMakeFiles/liteos.elf.dir/kernel/src/mm/los_memory.c.obj
 .text.OsMemIntegrityCheckSub
                0x08004644       0x5c CMakeFiles/liteos.elf.dir/kernel/src/mm/los_memory.c.obj
 .text.OsMemIntegrityCheck
                0x080046a0       0x44 CMakeFiles/liteos.elf.dir/kernel/src/mm/los_memory.c.obj
 .text.OsMemNodeInfo
                0x080046e4       0xa4 CMakeFiles/liteos.elf.dir/kernel/src/mm/los_memory.c.obj
 .text.OsMemIntegrityCheckError
                0x08004788       0x54 CMakeFiles/liteos.elf.dir/kernel/src/mm/los_memory.c.obj
 .text.OsMemCheckUsedNode
                0x080047dc       0xf4 CMakeFiles/liteos.elf.dir/kernel/src/mm/los_memory.c.obj
 .text.OsMemPoolInit
                0x080048d0       0xf4 CMakeFiles/liteos.elf.dir/kernel/src/mm/los_memory.c.obj
 .text.OsMemSplitNode
                0x080049c4      0x188 CMakeFiles/liteos.elf.dir/kernel/src/mm/los_memory.c.obj
 .text.OsMemFree
                0x08004b4c      0x268 CMakeFiles/liteos.elf.dir/kernel/src/mm/los_memory.c.obj
 .text.LOS_MemInit
                0x08004db4       0x54 CMakeFiles/liteos.elf.dir/kernel/src/mm/los_memory.c.obj
                0x08004db4                LOS_MemInit
 .text.LOS_MemFree
                0x08004e08       0xc4 CMakeFiles/liteos.elf.dir/kernel/src/mm/los_memory.c.obj
                0x08004e08                LOS_MemFree
 .text.LOS_MemPoolSizeGet
                0x08004ecc        0xa CMakeFiles/liteos.elf.dir/kernel/src/mm/los_memory.c.obj
                0x08004ecc                LOS_MemPoolSizeGet
 *fill*         0x08004ed6        0x2 
 .text.LOS_MemIntegrityCheck
                0x08004ed8       0x74 CMakeFiles/liteos.elf.dir/kernel/src/mm/los_memory.c.obj
                0x08004ed8                LOS_MemIntegrityCheck
 .text.OsAllMemNodeDoHandle
                0x08004f4c       0x88 CMakeFiles/liteos.elf.dir/kernel/src/mm/los_memory.c.obj
 .text.LOS_MemInfoGet
                0x08004fd4       0x88 CMakeFiles/liteos.elf.dir/kernel/src/mm/los_memory.c.obj
                0x08004fd4                LOS_MemInfoGet
 .text.OsMemInfoPrint
                0x0800505c       0xa0 CMakeFiles/liteos.elf.dir/kernel/src/mm/los_memory.c.obj
 .text.OsMemAlloc
                0x080050fc      0x1ec CMakeFiles/liteos.elf.dir/kernel/src/mm/los_memory.c.obj
 .text.LOS_MemAlloc
                0x080052e8       0x5c CMakeFiles/liteos.elf.dir/kernel/src/mm/los_memory.c.obj
                0x080052e8                LOS_MemAlloc
 .text.LOS_MemAllocAlign
                0x08005344       0xae CMakeFiles/liteos.elf.dir/kernel/src/mm/los_memory.c.obj
                0x08005344                LOS_MemAllocAlign
 *fill*         0x080053f2        0x2 
 .text.OsMemSystemInit
                0x080053f4       0x3c CMakeFiles/liteos.elf.dir/kernel/src/mm/los_memory.c.obj
                0x080053f4                OsMemSystemInit
 .text.__errno  0x08005430        0xc e:/myinstall/arm-none-eabi/bin/../lib/gcc/arm-none-eabi/10.3.1/../../../../arm-none-eabi/lib/thumb/v7e-m/nofp\libg.a(lib_a-errno.o)
                0x08005430                __errno
 .text.__libc_init_array
                0x0800543c       0x48 e:/myinstall/arm-none-eabi/bin/../lib/gcc/arm-none-eabi/10.3.1/../../../../arm-none-eabi/lib/thumb/v7e-m/nofp\libg.a(lib_a-init.o)
                0x0800543c                __libc_init_array
 .text.memset   0x08005484       0xa4 e:/myinstall/arm-none-eabi/bin/../lib/gcc/arm-none-eabi/10.3.1/../../../../arm-none-eabi/lib/thumb/v7e-m/nofp\libg.a(lib_a-memset.o)
                0x08005484                memset
 .text.printf   0x08005528       0x28 e:/myinstall/arm-none-eabi/bin/../lib/gcc/arm-none-eabi/10.3.1/../../../../arm-none-eabi/lib/thumb/v7e-m/nofp\libg.a(lib_a-printf.o)
                0x08005528                printf
 .text._puts_r  0x08005550       0x9c e:/myinstall/arm-none-eabi/bin/../lib/gcc/arm-none-eabi/10.3.1/../../../../arm-none-eabi/lib/thumb/v7e-m/nofp\libg.a(lib_a-puts.o)
                0x08005550                _puts_r
 .text.puts     0x080055ec       0x10 e:/myinstall/arm-none-eabi/bin/../lib/gcc/arm-none-eabi/10.3.1/../../../../arm-none-eabi/lib/thumb/v7e-m/nofp\libg.a(lib_a-puts.o)
                0x080055ec                puts
 .text.strcpy   0x080055fc       0xbc e:/myinstall/arm-none-eabi/bin/../lib/gcc/arm-none-eabi/10.3.1/../../../../arm-none-eabi/lib/thumb/v7e-m/nofp\libg.a(lib_a-strcpy.o)
                0x080055fc                strcpy
 .text._vfprintf_r
                0x080056b8     0x1ad4 e:/myinstall/arm-none-eabi/bin/../lib/gcc/arm-none-eabi/10.3.1/../../../../arm-none-eabi/lib/thumb/v7e-m/nofp\libg.a(lib_a-vfprintf.o)
                0x080056b8                _vfprintf_r
 .text.__sbprintf
                0x0800718c       0x80 e:/myinstall/arm-none-eabi/bin/../lib/gcc/arm-none-eabi/10.3.1/../../../../arm-none-eabi/lib/thumb/v7e-m/nofp\libg.a(lib_a-vfprintf.o)
 .text.__swsetup_r
                0x0800720c       0xd4 e:/myinstall/arm-none-eabi/bin/../lib/gcc/arm-none-eabi/10.3.1/../../../../arm-none-eabi/lib/thumb/v7e-m/nofp\libg.a(lib_a-wsetup.o)
                0x0800720c                __swsetup_r
 .text.startup.register_fini
                0x080072e0       0x14 e:/myinstall/arm-none-eabi/bin/../lib/gcc/arm-none-eabi/10.3.1/../../../../arm-none-eabi/lib/thumb/v7e-m/nofp\libg.a(lib_a-__call_atexit.o)
 .text.atexit   0x080072f4        0xc e:/myinstall/arm-none-eabi/bin/../lib/gcc/arm-none-eabi/10.3.1/../../../../arm-none-eabi/lib/thumb/v7e-m/nofp\libg.a(lib_a-atexit.o)
                0x080072f4                atexit
 .text.quorem   0x08007300      0x124 e:/myinstall/arm-none-eabi/bin/../lib/gcc/arm-none-eabi/10.3.1/../../../../arm-none-eabi/lib/thumb/v7e-m/nofp\libg.a(lib_a-dtoa.o)
 *fill*         0x08007424        0x4 
 .text._dtoa_r  0x08007428      0xec4 e:/myinstall/arm-none-eabi/bin/../lib/gcc/arm-none-eabi/10.3.1/../../../../arm-none-eabi/lib/thumb/v7e-m/nofp\libg.a(lib_a-dtoa.o)
                0x08007428                _dtoa_r
 .text.__sflush_r
                0x080082ec      0x120 e:/myinstall/arm-none-eabi/bin/../lib/gcc/arm-none-eabi/10.3.1/../../../../arm-none-eabi/lib/thumb/v7e-m/nofp\libg.a(lib_a-fflush.o)
                0x080082ec                __sflush_r
 .text._fflush_r
                0x0800840c       0x5c e:/myinstall/arm-none-eabi/bin/../lib/gcc/arm-none-eabi/10.3.1/../../../../arm-none-eabi/lib/thumb/v7e-m/nofp\libg.a(lib_a-fflush.o)
                0x0800840c                _fflush_r
 .text._cleanup_r
                0x08008468        0xc e:/myinstall/arm-none-eabi/bin/../lib/gcc/arm-none-eabi/10.3.1/../../../../arm-none-eabi/lib/thumb/v7e-m/nofp\libg.a(lib_a-findfp.o)
                0x08008468                _cleanup_r
 .text.__sinit  0x08008474      0x10c e:/myinstall/arm-none-eabi/bin/../lib/gcc/arm-none-eabi/10.3.1/../../../../arm-none-eabi/lib/thumb/v7e-m/nofp\libg.a(lib_a-findfp.o)
                0x08008474                __sinit
 .text.__sfp_lock_acquire
                0x08008580        0xc e:/myinstall/arm-none-eabi/bin/../lib/gcc/arm-none-eabi/10.3.1/../../../../arm-none-eabi/lib/thumb/v7e-m/nofp\libg.a(lib_a-findfp.o)
                0x08008580                __sfp_lock_acquire
 .text.__sfp_lock_release
                0x0800858c        0xc e:/myinstall/arm-none-eabi/bin/../lib/gcc/arm-none-eabi/10.3.1/../../../../arm-none-eabi/lib/thumb/v7e-m/nofp\libg.a(lib_a-findfp.o)
                0x0800858c                __sfp_lock_release
 .text.__libc_fini_array
                0x08008598       0x2c e:/myinstall/arm-none-eabi/bin/../lib/gcc/arm-none-eabi/10.3.1/../../../../arm-none-eabi/lib/thumb/v7e-m/nofp\libg.a(lib_a-fini.o)
                0x08008598                __libc_fini_array
 .text._malloc_trim_r
                0x080085c4       0xa0 e:/myinstall/arm-none-eabi/bin/../lib/gcc/arm-none-eabi/10.3.1/../../../../arm-none-eabi/lib/thumb/v7e-m/nofp\libg.a(lib_a-freer.o)
                0x080085c4                _malloc_trim_r
 .text._free_r  0x08008664      0x20c e:/myinstall/arm-none-eabi/bin/../lib/gcc/arm-none-eabi/10.3.1/../../../../arm-none-eabi/lib/thumb/v7e-m/nofp\libg.a(lib_a-freer.o)
                0x08008664                _free_r
 .text.__sfvwrite_r
                0x08008870      0x2e8 e:/myinstall/arm-none-eabi/bin/../lib/gcc/arm-none-eabi/10.3.1/../../../../arm-none-eabi/lib/thumb/v7e-m/nofp\libg.a(lib_a-fvwrite.o)
                0x08008870                __sfvwrite_r
 .text._fwalk_reent
                0x08008b58       0x48 e:/myinstall/arm-none-eabi/bin/../lib/gcc/arm-none-eabi/10.3.1/../../../../arm-none-eabi/lib/thumb/v7e-m/nofp\libg.a(lib_a-fwalk.o)
                0x08008b58                _fwalk_reent
 .text._localeconv_r
                0x08008ba0        0x8 e:/myinstall/arm-none-eabi/bin/../lib/gcc/arm-none-eabi/10.3.1/../../../../arm-none-eabi/lib/thumb/v7e-m/nofp\libg.a(lib_a-localeconv.o)
                0x08008ba0                _localeconv_r
 .text.__retarget_lock_init_recursive
                0x08008ba8        0x4 e:/myinstall/arm-none-eabi/bin/../lib/gcc/arm-none-eabi/10.3.1/../../../../arm-none-eabi/lib/thumb/v7e-m/nofp\libg.a(lib_a-lock.o)
                0x08008ba8                __retarget_lock_init_recursive
 .text.__retarget_lock_close_recursive
                0x08008bac        0x4 e:/myinstall/arm-none-eabi/bin/../lib/gcc/arm-none-eabi/10.3.1/../../../../arm-none-eabi/lib/thumb/v7e-m/nofp\libg.a(lib_a-lock.o)
                0x08008bac                __retarget_lock_close_recursive
 .text.__retarget_lock_acquire_recursive
                0x08008bb0        0x4 e:/myinstall/arm-none-eabi/bin/../lib/gcc/arm-none-eabi/10.3.1/../../../../arm-none-eabi/lib/thumb/v7e-m/nofp\libg.a(lib_a-lock.o)
                0x08008bb0                __retarget_lock_acquire_recursive
 .text.__retarget_lock_release_recursive
                0x08008bb4        0x4 e:/myinstall/arm-none-eabi/bin/../lib/gcc/arm-none-eabi/10.3.1/../../../../arm-none-eabi/lib/thumb/v7e-m/nofp\libg.a(lib_a-lock.o)
                0x08008bb4                __retarget_lock_release_recursive
 .text.__smakebuf_r
                0x08008bb8       0xe0 e:/myinstall/arm-none-eabi/bin/../lib/gcc/arm-none-eabi/10.3.1/../../../../arm-none-eabi/lib/thumb/v7e-m/nofp\libg.a(lib_a-makebuf.o)
                0x08008bb8                __smakebuf_r
 .text._malloc_r
                0x08008c98      0x560 e:/myinstall/arm-none-eabi/bin/../lib/gcc/arm-none-eabi/10.3.1/../../../../arm-none-eabi/lib/thumb/v7e-m/nofp\libg.a(lib_a-mallocr.o)
                0x08008c98                _malloc_r
 .text.memmove  0x080091f8       0xf8 e:/myinstall/arm-none-eabi/bin/../lib/gcc/arm-none-eabi/10.3.1/../../../../arm-none-eabi/lib/thumb/v7e-m/nofp\libg.a(lib_a-memmove.o)
                0x080091f8                memmove
 .text.__malloc_lock
                0x080092f0        0xc e:/myinstall/arm-none-eabi/bin/../lib/gcc/arm-none-eabi/10.3.1/../../../../arm-none-eabi/lib/thumb/v7e-m/nofp\libg.a(lib_a-mlock.o)
                0x080092f0                __malloc_lock
 .text.__malloc_unlock
                0x080092fc        0xc e:/myinstall/arm-none-eabi/bin/../lib/gcc/arm-none-eabi/10.3.1/../../../../arm-none-eabi/lib/thumb/v7e-m/nofp\libg.a(lib_a-mlock.o)
                0x080092fc                __malloc_unlock
 .text._Balloc  0x08009308       0x4c e:/myinstall/arm-none-eabi/bin/../lib/gcc/arm-none-eabi/10.3.1/../../../../arm-none-eabi/lib/thumb/v7e-m/nofp\libg.a(lib_a-mprec.o)
                0x08009308                _Balloc
 .text._Bfree   0x08009354       0x14 e:/myinstall/arm-none-eabi/bin/../lib/gcc/arm-none-eabi/10.3.1/../../../../arm-none-eabi/lib/thumb/v7e-m/nofp\libg.a(lib_a-mprec.o)
                0x08009354                _Bfree
 .text.__multadd
                0x08009368       0xa0 e:/myinstall/arm-none-eabi/bin/../lib/gcc/arm-none-eabi/10.3.1/../../../../arm-none-eabi/lib/thumb/v7e-m/nofp\libg.a(lib_a-mprec.o)
                0x08009368                __multadd
 .text.__hi0bits
                0x08009408       0x40 e:/myinstall/arm-none-eabi/bin/../lib/gcc/arm-none-eabi/10.3.1/../../../../arm-none-eabi/lib/thumb/v7e-m/nofp\libg.a(lib_a-mprec.o)
                0x08009408                __hi0bits
 .text.__lo0bits
                0x08009448       0x5c e:/myinstall/arm-none-eabi/bin/../lib/gcc/arm-none-eabi/10.3.1/../../../../arm-none-eabi/lib/thumb/v7e-m/nofp\libg.a(lib_a-mprec.o)
                0x08009448                __lo0bits
 .text.__i2b    0x080094a4       0x5c e:/myinstall/arm-none-eabi/bin/../lib/gcc/arm-none-eabi/10.3.1/../../../../arm-none-eabi/lib/thumb/v7e-m/nofp\libg.a(lib_a-mprec.o)
                0x080094a4                __i2b
 .text.__multiply
                0x08009500      0x15c e:/myinstall/arm-none-eabi/bin/../lib/gcc/arm-none-eabi/10.3.1/../../../../arm-none-eabi/lib/thumb/v7e-m/nofp\libg.a(lib_a-mprec.o)
                0x08009500                __multiply
 .text.__pow5mult
                0x0800965c       0xc0 e:/myinstall/arm-none-eabi/bin/../lib/gcc/arm-none-eabi/10.3.1/../../../../arm-none-eabi/lib/thumb/v7e-m/nofp\libg.a(lib_a-mprec.o)
                0x0800965c                __pow5mult
 .text.__lshift
                0x0800971c       0xf0 e:/myinstall/arm-none-eabi/bin/../lib/gcc/arm-none-eabi/10.3.1/../../../../arm-none-eabi/lib/thumb/v7e-m/nofp\libg.a(lib_a-mprec.o)
                0x0800971c                __lshift
 .text.__mcmp   0x0800980c       0x40 e:/myinstall/arm-none-eabi/bin/../lib/gcc/arm-none-eabi/10.3.1/../../../../arm-none-eabi/lib/thumb/v7e-m/nofp\libg.a(lib_a-mprec.o)
                0x0800980c                __mcmp
 .text.__mdiff  0x0800984c      0x14c e:/myinstall/arm-none-eabi/bin/../lib/gcc/arm-none-eabi/10.3.1/../../../../arm-none-eabi/lib/thumb/v7e-m/nofp\libg.a(lib_a-mprec.o)
                0x0800984c                __mdiff
 .text.__d2b    0x08009998       0xc4 e:/myinstall/arm-none-eabi/bin/../lib/gcc/arm-none-eabi/10.3.1/../../../../arm-none-eabi/lib/thumb/v7e-m/nofp\libg.a(lib_a-mprec.o)
                0x08009998                __d2b
 .text._realloc_r
                0x08009a5c      0x3d8 e:/myinstall/arm-none-eabi/bin/../lib/gcc/arm-none-eabi/10.3.1/../../../../arm-none-eabi/lib/thumb/v7e-m/nofp\libg.a(lib_a-reallocr.o)
                0x08009a5c                _realloc_r
 .text.frexp    0x08009e34       0x70 e:/myinstall/arm-none-eabi/bin/../lib/gcc/arm-none-eabi/10.3.1/../../../../arm-none-eabi/lib/thumb/v7e-m/nofp\libg.a(lib_a-s_frexp.o)
                0x08009e34                frexp
 .text._sbrk_r  0x08009ea4       0x24 e:/myinstall/arm-none-eabi/bin/../lib/gcc/arm-none-eabi/10.3.1/../../../../arm-none-eabi/lib/thumb/v7e-m/nofp\libg.a(lib_a-sbrkr.o)
                0x08009ea4                _sbrk_r
 .text.__sread  0x08009ec8       0x24 e:/myinstall/arm-none-eabi/bin/../lib/gcc/arm-none-eabi/10.3.1/../../../../arm-none-eabi/lib/thumb/v7e-m/nofp\libg.a(lib_a-stdio.o)
                0x08009ec8                __sread
 .text.__swrite
                0x08009eec       0x40 e:/myinstall/arm-none-eabi/bin/../lib/gcc/arm-none-eabi/10.3.1/../../../../arm-none-eabi/lib/thumb/v7e-m/nofp\libg.a(lib_a-stdio.o)
                0x08009eec                __swrite
 .text.__sseek  0x08009f2c       0x20 e:/myinstall/arm-none-eabi/bin/../lib/gcc/arm-none-eabi/10.3.1/../../../../arm-none-eabi/lib/thumb/v7e-m/nofp\libg.a(lib_a-stdio.o)
                0x08009f2c                __sseek
 .text.__sclose
                0x08009f4c        0x8 e:/myinstall/arm-none-eabi/bin/../lib/gcc/arm-none-eabi/10.3.1/../../../../arm-none-eabi/lib/thumb/v7e-m/nofp\libg.a(lib_a-stdio.o)
                0x08009f4c                __sclose
 .text.strncpy  0x08009f54       0x64 e:/myinstall/arm-none-eabi/bin/../lib/gcc/arm-none-eabi/10.3.1/../../../../arm-none-eabi/lib/thumb/v7e-m/nofp\libg.a(lib_a-strncpy.o)
                0x08009f54                strncpy
 .text.__sprint_r.part.0
                0x08009fb8       0x78 e:/myinstall/arm-none-eabi/bin/../lib/gcc/arm-none-eabi/10.3.1/../../../../arm-none-eabi/lib/thumb/v7e-m/nofp\libg.a(lib_a-vfiprintf.o)
 .text.__sprint_r
                0x0800a030       0x14 e:/myinstall/arm-none-eabi/bin/../lib/gcc/arm-none-eabi/10.3.1/../../../../arm-none-eabi/lib/thumb/v7e-m/nofp\libg.a(lib_a-vfiprintf.o)
                0x0800a030                __sprint_r
 .text._vfiprintf_r
                0x0800a044      0xda0 e:/myinstall/arm-none-eabi/bin/../lib/gcc/arm-none-eabi/10.3.1/../../../../arm-none-eabi/lib/thumb/v7e-m/nofp\libg.a(lib_a-vfiprintf.o)
                0x0800a044                _vfiprintf_r
 .text.__sbprintf
                0x0800ade4       0x80 e:/myinstall/arm-none-eabi/bin/../lib/gcc/arm-none-eabi/10.3.1/../../../../arm-none-eabi/lib/thumb/v7e-m/nofp\libg.a(lib_a-vfiprintf.o)
 .text.__swbuf_r
                0x0800ae64       0xb0 e:/myinstall/arm-none-eabi/bin/../lib/gcc/arm-none-eabi/10.3.1/../../../../arm-none-eabi/lib/thumb/v7e-m/nofp\libg.a(lib_a-wbuf.o)
                0x0800ae64                __swbuf_r
 .text._write_r
                0x0800af14       0x2c e:/myinstall/arm-none-eabi/bin/../lib/gcc/arm-none-eabi/10.3.1/../../../../arm-none-eabi/lib/thumb/v7e-m/nofp\libg.a(lib_a-writer.o)
                0x0800af14                _write_r
 .text.__register_exitproc
                0x0800af40       0x8c e:/myinstall/arm-none-eabi/bin/../lib/gcc/arm-none-eabi/10.3.1/../../../../arm-none-eabi/lib/thumb/v7e-m/nofp\libg.a(lib_a-__atexit.o)
                0x0800af40                __register_exitproc
 .text.__assert_func
                0x0800afcc       0x40 e:/myinstall/arm-none-eabi/bin/../lib/gcc/arm-none-eabi/10.3.1/../../../../arm-none-eabi/lib/thumb/v7e-m/nofp\libg.a(lib_a-assert.o)
                0x0800afcc                __assert_func
 .text._calloc_r
                0x0800b00c       0x78 e:/myinstall/arm-none-eabi/bin/../lib/gcc/arm-none-eabi/10.3.1/../../../../arm-none-eabi/lib/thumb/v7e-m/nofp\libg.a(lib_a-callocr.o)
                0x0800b00c                _calloc_r
 .text._close_r
                0x0800b084       0x24 e:/myinstall/arm-none-eabi/bin/../lib/gcc/arm-none-eabi/10.3.1/../../../../arm-none-eabi/lib/thumb/v7e-m/nofp\libg.a(lib_a-closer.o)
                0x0800b084                _close_r
 .text._fclose_r
                0x0800b0a8       0xcc e:/myinstall/arm-none-eabi/bin/../lib/gcc/arm-none-eabi/10.3.1/../../../../arm-none-eabi/lib/thumb/v7e-m/nofp\libg.a(lib_a-fclose.o)
                0x0800b0a8                _fclose_r
 .text.fiprintf
                0x0800b174       0x28 e:/myinstall/arm-none-eabi/bin/../lib/gcc/arm-none-eabi/10.3.1/../../../../arm-none-eabi/lib/thumb/v7e-m/nofp\libg.a(lib_a-fiprintf.o)
                0x0800b174                fiprintf
 .text.__fputwc
                0x0800b19c       0xa8 e:/myinstall/arm-none-eabi/bin/../lib/gcc/arm-none-eabi/10.3.1/../../../../arm-none-eabi/lib/thumb/v7e-m/nofp\libg.a(lib_a-fputwc.o)
                0x0800b19c                __fputwc
 .text._fputwc_r
                0x0800b244       0x68 e:/myinstall/arm-none-eabi/bin/../lib/gcc/arm-none-eabi/10.3.1/../../../../arm-none-eabi/lib/thumb/v7e-m/nofp\libg.a(lib_a-fputwc.o)
                0x0800b244                _fputwc_r
 .text._fstat_r
                0x0800b2ac       0x2c e:/myinstall/arm-none-eabi/bin/../lib/gcc/arm-none-eabi/10.3.1/../../../../arm-none-eabi/lib/thumb/v7e-m/nofp\libg.a(lib_a-fstatr.o)
                0x0800b2ac                _fstat_r
 .text._isatty_r
                0x0800b2d8       0x24 e:/myinstall/arm-none-eabi/bin/../lib/gcc/arm-none-eabi/10.3.1/../../../../arm-none-eabi/lib/thumb/v7e-m/nofp\libg.a(lib_a-isattyr.o)
                0x0800b2d8                _isatty_r
 .text.__locale_mb_cur_max
                0x0800b2fc        0xc e:/myinstall/arm-none-eabi/bin/../lib/gcc/arm-none-eabi/10.3.1/../../../../arm-none-eabi/lib/thumb/v7e-m/nofp\libg.a(lib_a-locale.o)
                0x0800b2fc                __locale_mb_cur_max
 .text._lseek_r
                0x0800b308       0x2c e:/myinstall/arm-none-eabi/bin/../lib/gcc/arm-none-eabi/10.3.1/../../../../arm-none-eabi/lib/thumb/v7e-m/nofp\libg.a(lib_a-lseekr.o)
                0x0800b308                _lseek_r
 .text.__ascii_mbtowc
                0x0800b334       0x2c e:/myinstall/arm-none-eabi/bin/../lib/gcc/arm-none-eabi/10.3.1/../../../../arm-none-eabi/lib/thumb/v7e-m/nofp\libg.a(lib_a-mbtowc_r.o)
                0x0800b334                __ascii_mbtowc
 .text._read_r  0x0800b360       0x2c e:/myinstall/arm-none-eabi/bin/../lib/gcc/arm-none-eabi/10.3.1/../../../../arm-none-eabi/lib/thumb/v7e-m/nofp\libg.a(lib_a-readr.o)
                0x0800b360                _read_r
 .text._wcrtomb_r
                0x0800b38c       0x3c e:/myinstall/arm-none-eabi/bin/../lib/gcc/arm-none-eabi/10.3.1/../../../../arm-none-eabi/lib/thumb/v7e-m/nofp\libg.a(lib_a-wcrtomb.o)
                0x0800b38c                _wcrtomb_r
 .text.__ascii_wctomb
                0x0800b3c8       0x1c e:/myinstall/arm-none-eabi/bin/../lib/gcc/arm-none-eabi/10.3.1/../../../../arm-none-eabi/lib/thumb/v7e-m/nofp\libg.a(lib_a-wctomb_r.o)
                0x0800b3c8                __ascii_wctomb
 .text.abort    0x0800b3e4       0x10 e:/myinstall/arm-none-eabi/bin/../lib/gcc/arm-none-eabi/10.3.1/../../../../arm-none-eabi/lib/thumb/v7e-m/nofp\libg.a(lib_a-abort.o)
                0x0800b3e4                abort
 .text.raise    0x0800b3f4       0x5c e:/myinstall/arm-none-eabi/bin/../lib/gcc/arm-none-eabi/10.3.1/../../../../arm-none-eabi/lib/thumb/v7e-m/nofp\libg.a(lib_a-signal.o)
                0x0800b3f4                raise
 .text._kill_r  0x0800b450       0x2c e:/myinstall/arm-none-eabi/bin/../lib/gcc/arm-none-eabi/10.3.1/../../../../arm-none-eabi/lib/thumb/v7e-m/nofp\libg.a(lib_a-signalr.o)
                0x0800b450                _kill_r
 .text._getpid_r
                0x0800b47c        0x4 e:/myinstall/arm-none-eabi/bin/../lib/gcc/arm-none-eabi/10.3.1/../../../../arm-none-eabi/lib/thumb/v7e-m/nofp\libg.a(lib_a-signalr.o)
                0x0800b47c                _getpid_r
 *(.glue_7)
 .glue_7        0x0800b480        0x0 linker stubs
 *(.glue_7t)
 .glue_7t       0x0800b480        0x0 linker stubs
 *(.eh_frame)
 .eh_frame      0x0800b480        0x0 e:/myinstall/arm-none-eabi/bin/../lib/gcc/arm-none-eabi/10.3.1/thumb/v7e-m/nofp/crtbegin.o
 *(.init)
 .init          0x0800b480        0x4 e:/myinstall/arm-none-eabi/bin/../lib/gcc/arm-none-eabi/10.3.1/thumb/v7e-m/nofp/crti.o
                0x0800b480                _init
 .init          0x0800b484        0x8 e:/myinstall/arm-none-eabi/bin/../lib/gcc/arm-none-eabi/10.3.1/thumb/v7e-m/nofp/crtn.o
 *(.fini)
 .fini          0x0800b48c        0x4 e:/myinstall/arm-none-eabi/bin/../lib/gcc/arm-none-eabi/10.3.1/thumb/v7e-m/nofp/crti.o
                0x0800b48c                _fini
 .fini          0x0800b490        0x8 e:/myinstall/arm-none-eabi/bin/../lib/gcc/arm-none-eabi/10.3.1/thumb/v7e-m/nofp/crtn.o
                0x0800b498                . = ALIGN (0x4)
                0x0800b498                _etext = .

.vfp11_veneer   0x0800b498        0x0
 .vfp11_veneer  0x0800b498        0x0 linker stubs

.v4_bx          0x0800b498        0x0
 .v4_bx         0x0800b498        0x0 linker stubs

.iplt           0x0800b498        0x0
 .iplt          0x0800b498        0x0 e:/myinstall/arm-none-eabi/bin/../lib/gcc/arm-none-eabi/10.3.1/thumb/v7e-m/nofp/crtbegin.o

.rodata         0x0800b498      0xe10
                0x0800b498                . = ALIGN (0x4)
 *(.rodata)
 *(.rodata*)
 .rodata.Task2.str1.4
                0x0800b498       0x18 CMakeFiles/liteos.elf.dir/Core/Src/main.c.obj
 .rodata.Task1.str1.4
                0x0800b4b0        0xc CMakeFiles/liteos.elf.dir/Core/Src/main.c.obj
 .rodata.AppTaskCreate.str1.4
                0x0800b4bc       0x1b CMakeFiles/liteos.elf.dir/Core/Src/main.c.obj
 *fill*         0x0800b4d7        0x1 
 .rodata.main.str1.4
                0x0800b4d8       0x35 CMakeFiles/liteos.elf.dir/Core/Src/main.c.obj
 *fill*         0x0800b50d        0x3 
 .rodata.AHBPrescTable
                0x0800b510       0x10 CMakeFiles/liteos.elf.dir/Core/Src/system_stm32f4xx.c.obj
                0x0800b510                AHBPrescTable
 .rodata.APBPrescTable
                0x0800b520        0x8 CMakeFiles/liteos.elf.dir/Core/Src/system_stm32f4xx.c.obj
                0x0800b520                APBPrescTable
 .rodata.HalArchInit.str1.4
                0x0800b528       0x13 CMakeFiles/liteos.elf.dir/kernel/arch/los_context.c.obj
 *fill*         0x0800b53b        0x1 
 .rodata.HalTskStackInit.str1.4
                0x0800b53c       0x1c CMakeFiles/liteos.elf.dir/kernel/arch/los_context.c.obj
 .rodata.__FUNCTION__.0
                0x0800b558       0x10 CMakeFiles/liteos.elf.dir/kernel/arch/los_context.c.obj
 .rodata.__stack_chk_fail.str1.4
                0x0800b568       0x33 CMakeFiles/liteos.elf.dir/kernel/arch/los_interrupt.c.obj
 *fill*         0x0800b59b        0x1 
 .rodata.OsLogLevelCheck.str1.4
                0x0800b59c        0x5 CMakeFiles/liteos.elf.dir/kernel/src/los_debug.c.obj
 *fill*         0x0800b5a1        0x3 
 .rodata.str1.4
                0x0800b5a4       0x26 CMakeFiles/liteos.elf.dir/kernel/src/los_debug.c.obj
 *fill*         0x0800b5ca        0x2 
 .rodata.g_logString
                0x0800b5cc       0x18 CMakeFiles/liteos.elf.dir/kernel/src/los_debug.c.obj
 .rodata.LOS_KernelInit.str1.4
                0x0800b5e4       0x6e CMakeFiles/liteos.elf.dir/kernel/src/los_init.c.obj
 *fill*         0x0800b652        0x2 
 .rodata.OsQueueBufferOperate.str1.4
                0x0800b654       0x43 CMakeFiles/liteos.elf.dir/kernel/src/los_queue.c.obj
 *fill*         0x0800b697        0x1 
 .rodata.__FUNCTION__.0
                0x0800b698       0x15 CMakeFiles/liteos.elf.dir/kernel/src/los_queue.c.obj
 *fill*         0x0800b6ad        0x3 
 .rodata.OsSchedTaskEnQueue.str1.4
                0x0800b6b0       0x4e CMakeFiles/liteos.elf.dir/kernel/src/los_sched.c.obj
 *fill*         0x0800b6fe        0x2 
 .rodata.OsSchedStart.str1.4
                0x0800b700       0x13 CMakeFiles/liteos.elf.dir/kernel/src/los_sched.c.obj
 *fill*         0x0800b713        0x1 
 .rodata.__func__.0
                0x0800b714       0x12 CMakeFiles/liteos.elf.dir/kernel/src/los_sched.c.obj
 *fill*         0x0800b726        0x2 
 .rodata.__func__.1
                0x0800b728       0x13 CMakeFiles/liteos.elf.dir/kernel/src/los_sched.c.obj
 *fill*         0x0800b73b        0x1 
 .rodata.OsAdd2SortLink.str1.4
                0x0800b73c       0x1b CMakeFiles/liteos.elf.dir/kernel/src/los_sortlink.c.obj
 *fill*         0x0800b757        0x1 
 .rodata.OsGetSortLinkAttribute.str1.4
                0x0800b758       0x18 CMakeFiles/liteos.elf.dir/kernel/src/los_sortlink.c.obj
 .rodata.OsSwtmrTask.str1.4
                0x0800b770       0x28 CMakeFiles/liteos.elf.dir/kernel/src/los_swtmr.c.obj
 .rodata.OsSwtmrTaskCreate.str1.4
                0x0800b798        0x9 CMakeFiles/liteos.elf.dir/kernel/src/los_swtmr.c.obj
 *fill*         0x0800b7a1        0x3 
 .rodata.OsIdleTaskCreate.str1.4
                0x0800b7a4        0xc CMakeFiles/liteos.elf.dir/kernel/src/los_task.c.obj
 .rodata.LOS_TaskDelete.str1.4
                0x0800b7b0       0x37 CMakeFiles/liteos.elf.dir/kernel/src/los_task.c.obj
 *fill*         0x0800b7e7        0x1 
 .rodata.OsTaskEntry.str1.4
                0x0800b7e8       0x1e CMakeFiles/liteos.elf.dir/kernel/src/los_task.c.obj
 *fill*         0x0800b806        0x2 
 .rodata.OsMemPoolHeadCheck.str1.4
                0x0800b808       0xd7 CMakeFiles/liteos.elf.dir/kernel/src/mm/los_memory.c.obj
 *fill*         0x0800b8df        0x1 
 .rodata.OsMemAddrValidCheckPrint.str1.4
                0x0800b8e0       0x98 CMakeFiles/liteos.elf.dir/kernel/src/mm/los_memory.c.obj
 .rodata.OsMemIntegrityCheckSub.str1.4
                0x0800b978       0x48 CMakeFiles/liteos.elf.dir/kernel/src/mm/los_memory.c.obj
 .rodata.OsMemNodeInfo.str1.4
                0x0800b9c0       0xab CMakeFiles/liteos.elf.dir/kernel/src/mm/los_memory.c.obj
 *fill*         0x0800ba6b        0x1 
 .rodata.OsMemIntegrityCheckError.str1.4
                0x0800ba6c       0x3e CMakeFiles/liteos.elf.dir/kernel/src/mm/los_memory.c.obj
 *fill*         0x0800baaa        0x2 
 .rodata.OsMemPoolInit.str1.4
                0x0800baac       0x5e CMakeFiles/liteos.elf.dir/kernel/src/mm/los_memory.c.obj
 *fill*         0x0800bb0a        0x2 
 .rodata.OsMemFree.str1.4
                0x0800bb0c       0x17 CMakeFiles/liteos.elf.dir/kernel/src/mm/los_memory.c.obj
 *fill*         0x0800bb23        0x1 
 .rodata.LOS_MemInit.str1.4
                0x0800bb24       0x60 CMakeFiles/liteos.elf.dir/kernel/src/mm/los_memory.c.obj
 .rodata.LOS_MemFree.str1.4
                0x0800bb84       0x1b CMakeFiles/liteos.elf.dir/kernel/src/mm/los_memory.c.obj
 *fill*         0x0800bb9f        0x1 
 .rodata.OsAllMemNodeDoHandle.str1.4
                0x0800bba0       0x30 CMakeFiles/liteos.elf.dir/kernel/src/mm/los_memory.c.obj
 .rodata.LOS_MemInfoGet.str1.4
                0x0800bbd0       0x48 CMakeFiles/liteos.elf.dir/kernel/src/mm/los_memory.c.obj
 .rodata.OsMemInfoPrint.str1.4
                0x0800bc18      0x155 CMakeFiles/liteos.elf.dir/kernel/src/mm/los_memory.c.obj
 *fill*         0x0800bd6d        0x3 
 .rodata.OsMemAlloc.str1.4
                0x0800bd70       0xa7 CMakeFiles/liteos.elf.dir/kernel/src/mm/los_memory.c.obj
 *fill*         0x0800be17        0x1 
 .rodata.OsMemSystemInit.str1.4
                0x0800be18       0x2b CMakeFiles/liteos.elf.dir/kernel/src/mm/los_memory.c.obj
 *fill*         0x0800be43        0x1 
 .rodata.__FUNCTION__.0
                0x0800be44       0x19 CMakeFiles/liteos.elf.dir/kernel/src/mm/los_memory.c.obj
 *fill*         0x0800be5d        0x3 
 .rodata.__FUNCTION__.1
                0x0800be60       0x17 CMakeFiles/liteos.elf.dir/kernel/src/mm/los_memory.c.obj
 *fill*         0x0800be77        0x1 
 .rodata.__FUNCTION__.2
                0x0800be78       0x13 CMakeFiles/liteos.elf.dir/kernel/src/mm/los_memory.c.obj
 *fill*         0x0800be8b        0x1 
 .rodata.__FUNCTION__.3
                0x0800be8c        0xd CMakeFiles/liteos.elf.dir/kernel/src/mm/los_memory.c.obj
 *fill*         0x0800be99        0x3 
 .rodata.__FUNCTION__.4
                0x0800be9c        0xb CMakeFiles/liteos.elf.dir/kernel/src/mm/los_memory.c.obj
 *fill*         0x0800bea7        0x1 
 .rodata._global_impure_ptr
                0x0800bea8        0x4 e:/myinstall/arm-none-eabi/bin/../lib/gcc/arm-none-eabi/10.3.1/../../../../arm-none-eabi/lib/thumb/v7e-m/nofp\libg.a(lib_a-impure.o)
                0x0800bea8                _global_impure_ptr
 .rodata._puts_r.str1.4
                0x0800beac       0x2b e:/myinstall/arm-none-eabi/bin/../lib/gcc/arm-none-eabi/10.3.1/../../../../arm-none-eabi/lib/thumb/v7e-m/nofp\libg.a(lib_a-puts.o)
                                  0x2 (size before relaxing)
 .rodata._vfprintf_r.str1.4
                0x0800beac       0x42 e:/myinstall/arm-none-eabi/bin/../lib/gcc/arm-none-eabi/10.3.1/../../../../arm-none-eabi/lib/thumb/v7e-m/nofp\libg.a(lib_a-vfprintf.o)
 *fill*         0x0800beee        0x2 
 .rodata.blanks.1
                0x0800bef0       0x10 e:/myinstall/arm-none-eabi/bin/../lib/gcc/arm-none-eabi/10.3.1/../../../../arm-none-eabi/lib/thumb/v7e-m/nofp\libg.a(lib_a-vfprintf.o)
 .rodata.zeroes.0
                0x0800bf00       0x10 e:/myinstall/arm-none-eabi/bin/../lib/gcc/arm-none-eabi/10.3.1/../../../../arm-none-eabi/lib/thumb/v7e-m/nofp\libg.a(lib_a-vfprintf.o)
 .rodata._dtoa_r.str1.4
                0x0800bf10       0xa2 e:/myinstall/arm-none-eabi/bin/../lib/gcc/arm-none-eabi/10.3.1/../../../../arm-none-eabi/lib/thumb/v7e-m/nofp\libg.a(lib_a-dtoa.o)
                                 0xa6 (size before relaxing)
 *fill*         0x0800bfb2        0x2 
 .rodata.__multadd.str1.4
                0x0800bfb4       0x7f e:/myinstall/arm-none-eabi/bin/../lib/gcc/arm-none-eabi/10.3.1/../../../../arm-none-eabi/lib/thumb/v7e-m/nofp\libg.a(lib_a-mprec.o)
                                 0x93 (size before relaxing)
 *fill*         0x0800c033        0x5 
 .rodata.__mprec_bigtens
                0x0800c038       0x28 e:/myinstall/arm-none-eabi/bin/../lib/gcc/arm-none-eabi/10.3.1/../../../../arm-none-eabi/lib/thumb/v7e-m/nofp\libg.a(lib_a-mprec.o)
                0x0800c038                __mprec_bigtens
 .rodata.__mprec_tens
                0x0800c060       0xc8 e:/myinstall/arm-none-eabi/bin/../lib/gcc/arm-none-eabi/10.3.1/../../../../arm-none-eabi/lib/thumb/v7e-m/nofp\libg.a(lib_a-mprec.o)
                0x0800c060                __mprec_tens
 .rodata.p05.0  0x0800c128        0xc e:/myinstall/arm-none-eabi/bin/../lib/gcc/arm-none-eabi/10.3.1/../../../../arm-none-eabi/lib/thumb/v7e-m/nofp\libg.a(lib_a-mprec.o)
 .rodata._vfiprintf_r.str1.4
                0x0800c134       0x2f e:/myinstall/arm-none-eabi/bin/../lib/gcc/arm-none-eabi/10.3.1/../../../../arm-none-eabi/lib/thumb/v7e-m/nofp\libg.a(lib_a-vfiprintf.o)
 .rodata.blanks.1
                0x0800c134       0x10 e:/myinstall/arm-none-eabi/bin/../lib/gcc/arm-none-eabi/10.3.1/../../../../arm-none-eabi/lib/thumb/v7e-m/nofp\libg.a(lib_a-vfiprintf.o)
 .rodata.zeroes.0
                0x0800c144       0x10 e:/myinstall/arm-none-eabi/bin/../lib/gcc/arm-none-eabi/10.3.1/../../../../arm-none-eabi/lib/thumb/v7e-m/nofp\libg.a(lib_a-vfiprintf.o)
 .rodata.__assert_func.str1.4
                0x0800c154       0x3f e:/myinstall/arm-none-eabi/bin/../lib/gcc/arm-none-eabi/10.3.1/../../../../arm-none-eabi/lib/thumb/v7e-m/nofp\libg.a(lib_a-assert.o)
                                 0x43 (size before relaxing)
 *fill*         0x0800c193        0x1 
 .rodata._setlocale_r.str1.4
                0x0800c194        0xa e:/myinstall/arm-none-eabi/bin/../lib/gcc/arm-none-eabi/10.3.1/../../../../arm-none-eabi/lib/thumb/v7e-m/nofp\libg.a(lib_a-locale.o)
                                  0xd (size before relaxing)
 *fill*         0x0800c19e        0x2 
 .rodata.str1.4
                0x0800c1a0        0x2 e:/myinstall/arm-none-eabi/bin/../lib/gcc/arm-none-eabi/10.3.1/../../../../arm-none-eabi/lib/thumb/v7e-m/nofp\libg.a(lib_a-locale.o)
 *fill*         0x0800c1a2        0x2 
 .rodata._ctype_
                0x0800c1a4      0x101 e:/myinstall/arm-none-eabi/bin/../lib/gcc/arm-none-eabi/10.3.1/../../../../arm-none-eabi/lib/thumb/v7e-m/nofp\libg.a(lib_a-ctype_.o)
                0x0800c1a4                _ctype_
                0x0800c2a8                . = ALIGN (0x4)
 *fill*         0x0800c2a5        0x3 

.ARM.extab      0x0800c2a8        0x0
                0x0800c2a8                . = ALIGN (0x4)
 *(.ARM.extab* .gnu.linkonce.armextab.*)
                0x0800c2a8                . = ALIGN (0x4)

.ARM            0x0800c2a8        0x8
                0x0800c2a8                . = ALIGN (0x4)
                0x0800c2a8                __exidx_start = .
 *(.ARM.exidx*)
 .ARM.exidx     0x0800c2a8        0x8 CMakeFiles/liteos.elf.dir/kernel/arch/los_dispatch.s.obj
                                 0x30 (size before relaxing)
 .ARM.exidx     0x0800c2b0        0x0 e:/myinstall/arm-none-eabi/bin/../lib/gcc/arm-none-eabi/10.3.1/thumb/v7e-m/nofp\libgcc.a(_udivmoddi4.o)
                                  0x8 (size before relaxing)
                0x0800c2b0                __exidx_end = .
                0x0800c2b0                . = ALIGN (0x4)

.rel.dyn        0x0800c2b0        0x0
 .rel.iplt      0x0800c2b0        0x0 e:/myinstall/arm-none-eabi/bin/../lib/gcc/arm-none-eabi/10.3.1/thumb/v7e-m/nofp/crtbegin.o

.preinit_array  0x0800c2b0        0x0
                0x0800c2b0                . = ALIGN (0x4)
                0x0800c2b0                PROVIDE (__preinit_array_start = .)
 *(.preinit_array*)
                0x0800c2b0                PROVIDE (__preinit_array_end = .)
                0x0800c2b0                . = ALIGN (0x4)

.init_array     0x0800c2b0        0x8
                0x0800c2b0                . = ALIGN (0x4)
                0x0800c2b0                PROVIDE (__init_array_start = .)
 *(SORT_BY_NAME(.init_array.*))
 .init_array.00000
                0x0800c2b0        0x4 e:/myinstall/arm-none-eabi/bin/../lib/gcc/arm-none-eabi/10.3.1/../../../../arm-none-eabi/lib/thumb/v7e-m/nofp\libg.a(lib_a-__call_atexit.o)
 *(.init_array*)
 .init_array    0x0800c2b4        0x4 e:/myinstall/arm-none-eabi/bin/../lib/gcc/arm-none-eabi/10.3.1/thumb/v7e-m/nofp/crtbegin.o
                0x0800c2b8                PROVIDE (__init_array_end = .)
                0x0800c2b8                . = ALIGN (0x4)

.fini_array     0x0800c2b8        0x4
                0x0800c2b8                . = ALIGN (0x4)
                0x0800c2b8                PROVIDE (__fini_array_start = .)
 *(SORT_BY_NAME(.fini_array.*))
 *(.fini_array*)
 .fini_array    0x0800c2b8        0x4 e:/myinstall/arm-none-eabi/bin/../lib/gcc/arm-none-eabi/10.3.1/thumb/v7e-m/nofp/crtbegin.o
                0x0800c2bc                PROVIDE (__fini_array_end = .)
                0x0800c2bc                . = ALIGN (0x4)
                0x0800c2bc                _sidata = LOADADDR (.data)

.data           0x20000000      0x9d0 load address 0x0800c2bc
                0x20000000                . = ALIGN (0x4)
                0x20000000                _sdata = .
 *(.data)
 *(.data*)
 .data.SystemCoreClock
                0x20000000        0x4 CMakeFiles/liteos.elf.dir/Core/Src/system_stm32f4xx.c.obj
                0x20000000                SystemCoreClock
 .data.uwTickFreq
                0x20000004        0x1 CMakeFiles/liteos.elf.dir/Drivers/STM32F4xx_HAL_Driver/Src/stm32f4xx_hal.c.obj
                0x20000004                uwTickFreq
 *fill*         0x20000005        0x3 
 .data.uwTickPrio
                0x20000008        0x4 CMakeFiles/liteos.elf.dir/Drivers/STM32F4xx_HAL_Driver/Src/stm32f4xx_hal.c.obj
                0x20000008                uwTickPrio
 .data.__stack_chk_guard
                0x2000000c        0x4 CMakeFiles/liteos.elf.dir/kernel/arch/los_interrupt.c.obj
                0x2000000c                __stack_chk_guard
 .data.g_schedResponseTime
                0x20000010        0x8 CMakeFiles/liteos.elf.dir/kernel/src/los_sched.c.obj
 .data.g_sysSchedStartTime
                0x20000018        0x8 CMakeFiles/liteos.elf.dir/kernel/src/los_sched.c.obj
                0x20000018                g_sysSchedStartTime
 .data._impure_ptr
                0x20000020        0x4 e:/myinstall/arm-none-eabi/bin/../lib/gcc/arm-none-eabi/10.3.1/../../../../arm-none-eabi/lib/thumb/v7e-m/nofp\libg.a(lib_a-impure.o)
                0x20000020                _impure_ptr
 *fill*         0x20000024        0x4 
 .data.impure_data
                0x20000028      0x428 e:/myinstall/arm-none-eabi/bin/../lib/gcc/arm-none-eabi/10.3.1/../../../../arm-none-eabi/lib/thumb/v7e-m/nofp\libg.a(lib_a-impure.o)
 .data.__atexit_recursive_mutex
                0x20000450        0x4 e:/myinstall/arm-none-eabi/bin/../lib/gcc/arm-none-eabi/10.3.1/../../../../arm-none-eabi/lib/thumb/v7e-m/nofp\libg.a(lib_a-__call_atexit.o)
                0x20000450                __atexit_recursive_mutex
 .data.__malloc_av_
                0x20000454      0x408 e:/myinstall/arm-none-eabi/bin/../lib/gcc/arm-none-eabi/10.3.1/../../../../arm-none-eabi/lib/thumb/v7e-m/nofp\libg.a(lib_a-mallocr.o)
                0x20000454                __malloc_av_
 .data.__malloc_sbrk_base
                0x2000085c        0x4 e:/myinstall/arm-none-eabi/bin/../lib/gcc/arm-none-eabi/10.3.1/../../../../arm-none-eabi/lib/thumb/v7e-m/nofp\libg.a(lib_a-mallocr.o)
                0x2000085c                __malloc_sbrk_base
 .data.__malloc_trim_threshold
                0x20000860        0x4 e:/myinstall/arm-none-eabi/bin/../lib/gcc/arm-none-eabi/10.3.1/../../../../arm-none-eabi/lib/thumb/v7e-m/nofp\libg.a(lib_a-mallocr.o)
                0x20000860                __malloc_trim_threshold
 .data.__global_locale
                0x20000864      0x16c e:/myinstall/arm-none-eabi/bin/../lib/gcc/arm-none-eabi/10.3.1/../../../../arm-none-eabi/lib/thumb/v7e-m/nofp\libg.a(lib_a-locale.o)
                0x20000864                __global_locale
 *(.RamFunc)
 *(.RamFunc*)
                0x200009d0                . = ALIGN (0x4)
                0x200009d0                _edata = .

.igot.plt       0x200009d0        0x0 load address 0x0800cc8c
 .igot.plt      0x200009d0        0x0 e:/myinstall/arm-none-eabi/bin/../lib/gcc/arm-none-eabi/10.3.1/thumb/v7e-m/nofp/crtbegin.o
                0x200009d0                . = ALIGN (0x4)

.bss            0x200009d0     0x928c load address 0x0800cc8c
                0x200009d0                _sbss = .
                0x200009d0                __bss_start__ = _sbss
 *(.bss)
 .bss           0x200009d0       0x1c e:/myinstall/arm-none-eabi/bin/../lib/gcc/arm-none-eabi/10.3.1/thumb/v7e-m/nofp/crtbegin.o
 *(.bss*)
 .bss.TASK1_Handle
                0x200009ec        0x4 CMakeFiles/liteos.elf.dir/Core/Src/main.c.obj
                0x200009ec                TASK1_Handle
 .bss.TASK2_Handle
                0x200009f0        0x4 CMakeFiles/liteos.elf.dir/Core/Src/main.c.obj
                0x200009f0                TASK2_Handle
 .bss.__sbrk_heap_end
                0x200009f4        0x4 CMakeFiles/liteos.elf.dir/Core/Src/sysmem.c.obj
 .bss.huart1    0x200009f8       0x44 CMakeFiles/liteos.elf.dir/Core/Src/usart.c.obj
                0x200009f8                huart1
 .bss.uwTick    0x20000a3c        0x4 CMakeFiles/liteos.elf.dir/Drivers/STM32F4xx_HAL_Driver/Src/stm32f4xx_hal.c.obj
                0x20000a3c                uwTick
 .bss.g_intCount
                0x20000a40        0x4 CMakeFiles/liteos.elf.dir/kernel/arch/los_interrupt.c.obj
                0x20000a40                g_intCount
 .bss.g_excHook
                0x20000a44        0x4 CMakeFiles/liteos.elf.dir/kernel/src/los_debug.c.obj
 .bss.g_allMux  0x20000a48        0x4 CMakeFiles/liteos.elf.dir/kernel/src/los_mux.c.obj
                0x20000a48                g_allMux
 .bss.g_unusedMuxList
                0x20000a4c        0x8 CMakeFiles/liteos.elf.dir/kernel/src/los_mux.c.obj
                0x20000a4c                g_unusedMuxList
 .bss.g_allQueue
                0x20000a54        0x4 CMakeFiles/liteos.elf.dir/kernel/src/los_queue.c.obj
                0x20000a54                g_allQueue
 .bss.g_freeQueueList
                0x20000a58        0x8 CMakeFiles/liteos.elf.dir/kernel/src/los_queue.c.obj
                0x20000a58                g_freeQueueList
 .bss.SchedRealSleepTimeSet
                0x20000a60        0x4 CMakeFiles/liteos.elf.dir/kernel/src/los_sched.c.obj
 .bss.g_priQueueList
                0x20000a64      0x100 CMakeFiles/liteos.elf.dir/kernel/src/los_sched.c.obj
 .bss.g_queueBitmap
                0x20000b64        0x4 CMakeFiles/liteos.elf.dir/kernel/src/los_sched.c.obj
 .bss.g_schedResponseID
                0x20000b68        0x4 CMakeFiles/liteos.elf.dir/kernel/src/los_sched.c.obj
 .bss.g_swtmrScan
                0x20000b6c        0x4 CMakeFiles/liteos.elf.dir/kernel/src/los_sched.c.obj
 .bss.g_taskSortLinkList
                0x20000b70        0x4 CMakeFiles/liteos.elf.dir/kernel/src/los_sched.c.obj
 .bss.g_tickIntLock
                0x20000b74        0x2 CMakeFiles/liteos.elf.dir/kernel/src/los_sched.c.obj
 *fill*         0x20000b76        0x2 
 .bss.g_tickStartTime
                0x20000b78        0x8 CMakeFiles/liteos.elf.dir/kernel/src/los_sched.c.obj
 .bss.g_allSem  0x20000b80        0x4 CMakeFiles/liteos.elf.dir/kernel/src/los_sem.c.obj
                0x20000b80                g_allSem
 .bss.g_unusedSemList
                0x20000b84        0x8 CMakeFiles/liteos.elf.dir/kernel/src/los_sem.c.obj
                0x20000b84                g_unusedSemList
 .bss.g_swtmrSortLink
                0x20000b8c        0x8 CMakeFiles/liteos.elf.dir/kernel/src/los_sortlink.c.obj
 .bss.g_taskSortLink
                0x20000b94        0x8 CMakeFiles/liteos.elf.dir/kernel/src/los_sortlink.c.obj
 .bss.g_swtmrAlignID
                0x20000b9c       0x18 CMakeFiles/liteos.elf.dir/kernel/src/los_swtmr.c.obj
                0x20000b9c                g_swtmrAlignID
 .bss.g_swtmrCBArray
                0x20000bb4        0x4 CMakeFiles/liteos.elf.dir/kernel/src/los_swtmr.c.obj
                0x20000bb4                g_swtmrCBArray
 .bss.g_swtmrFreeList
                0x20000bb8        0x4 CMakeFiles/liteos.elf.dir/kernel/src/los_swtmr.c.obj
                0x20000bb8                g_swtmrFreeList
 .bss.g_swtmrHandlerQueue
                0x20000bbc        0x4 CMakeFiles/liteos.elf.dir/kernel/src/los_swtmr.c.obj
                0x20000bbc                g_swtmrHandlerQueue
 .bss.g_swtmrSortLinkList
                0x20000bc0        0x4 CMakeFiles/liteos.elf.dir/kernel/src/los_swtmr.c.obj
                0x20000bc0                g_swtmrSortLinkList
 .bss.PmEnter   0x20000bc4        0x4 CMakeFiles/liteos.elf.dir/kernel/src/los_task.c.obj
 .bss.g_idleTaskID
                0x20000bc8        0x4 CMakeFiles/liteos.elf.dir/kernel/src/los_task.c.obj
                0x20000bc8                g_idleTaskID
 .bss.g_losFreeTask
                0x20000bcc        0x8 CMakeFiles/liteos.elf.dir/kernel/src/los_task.c.obj
                0x20000bcc                g_losFreeTask
 .bss.g_losTask
                0x20000bd4        0x8 CMakeFiles/liteos.elf.dir/kernel/src/los_task.c.obj
                0x20000bd4                g_losTask
 .bss.g_losTaskLock
                0x20000bdc        0x2 CMakeFiles/liteos.elf.dir/kernel/src/los_task.c.obj
                0x20000bdc                g_losTaskLock
 *fill*         0x20000bde        0x2 
 .bss.g_swtmrTaskID
                0x20000be0        0x4 CMakeFiles/liteos.elf.dir/kernel/src/los_task.c.obj
                0x20000be0                g_swtmrTaskID
 .bss.g_taskCBArray
                0x20000be4        0x4 CMakeFiles/liteos.elf.dir/kernel/src/los_task.c.obj
                0x20000be4                g_taskCBArray
 .bss.g_taskMaxNum
                0x20000be8        0x4 CMakeFiles/liteos.elf.dir/kernel/src/los_task.c.obj
                0x20000be8                g_taskMaxNum
 .bss.g_taskRecyleList
                0x20000bec        0x8 CMakeFiles/liteos.elf.dir/kernel/src/los_task.c.obj
                0x20000bec                g_taskRecyleList
 .bss.g_taskScheduled
                0x20000bf4        0x4 CMakeFiles/liteos.elf.dir/kernel/src/los_task.c.obj
                0x20000bf4                g_taskScheduled
 .bss.g_cyclesPerTick
                0x20000bf8        0x4 CMakeFiles/liteos.elf.dir/kernel/src/los_tick.c.obj
                0x20000bf8                g_cyclesPerTick
 .bss.g_sysClock
                0x20000bfc        0x4 CMakeFiles/liteos.elf.dir/kernel/src/los_tick.c.obj
                0x20000bfc                g_sysClock
 .bss.g_integrityCheckRecord
                0x20000c00       0x10 CMakeFiles/liteos.elf.dir/kernel/src/mm/los_memory.c.obj
                0x20000c00                g_integrityCheckRecord
 .bss.g_memStart
                0x20000c10     0x9000 CMakeFiles/liteos.elf.dir/kernel/src/mm/los_memory.c.obj
 .bss.m_aucSysMem0
                0x20009c10        0x4 CMakeFiles/liteos.elf.dir/kernel/src/mm/los_memory.c.obj
                0x20009c10                m_aucSysMem0
 .bss.__lock___atexit_recursive_mutex
                0x20009c14        0x1 e:/myinstall/arm-none-eabi/bin/../lib/gcc/arm-none-eabi/10.3.1/../../../../arm-none-eabi/lib/thumb/v7e-m/nofp\libg.a(lib_a-lock.o)
                0x20009c14                __lock___atexit_recursive_mutex
 *fill*         0x20009c15        0x3 
 .bss.__lock___malloc_recursive_mutex
                0x20009c18        0x1 e:/myinstall/arm-none-eabi/bin/../lib/gcc/arm-none-eabi/10.3.1/../../../../arm-none-eabi/lib/thumb/v7e-m/nofp\libg.a(lib_a-lock.o)
                0x20009c18                __lock___malloc_recursive_mutex
 *fill*         0x20009c19        0x3 
 .bss.__lock___sfp_recursive_mutex
                0x20009c1c        0x1 e:/myinstall/arm-none-eabi/bin/../lib/gcc/arm-none-eabi/10.3.1/../../../../arm-none-eabi/lib/thumb/v7e-m/nofp\libg.a(lib_a-lock.o)
                0x20009c1c                __lock___sfp_recursive_mutex
 *fill*         0x20009c1d        0x3 
 .bss.__lock___sinit_recursive_mutex
                0x20009c20        0x1 e:/myinstall/arm-none-eabi/bin/../lib/gcc/arm-none-eabi/10.3.1/../../../../arm-none-eabi/lib/thumb/v7e-m/nofp\libg.a(lib_a-lock.o)
                0x20009c20                __lock___sinit_recursive_mutex
 *fill*         0x20009c21        0x3 
 .bss.__malloc_current_mallinfo
                0x20009c24       0x28 e:/myinstall/arm-none-eabi/bin/../lib/gcc/arm-none-eabi/10.3.1/../../../../arm-none-eabi/lib/thumb/v7e-m/nofp\libg.a(lib_a-mallocr.o)
                0x20009c24                __malloc_current_mallinfo
 .bss.__malloc_max_sbrked_mem
                0x20009c4c        0x4 e:/myinstall/arm-none-eabi/bin/../lib/gcc/arm-none-eabi/10.3.1/../../../../arm-none-eabi/lib/thumb/v7e-m/nofp\libg.a(lib_a-mallocr.o)
                0x20009c4c                __malloc_max_sbrked_mem
 .bss.__malloc_max_total_mem
                0x20009c50        0x4 e:/myinstall/arm-none-eabi/bin/../lib/gcc/arm-none-eabi/10.3.1/../../../../arm-none-eabi/lib/thumb/v7e-m/nofp\libg.a(lib_a-mallocr.o)
                0x20009c50                __malloc_max_total_mem
 .bss.__malloc_top_pad
                0x20009c54        0x4 e:/myinstall/arm-none-eabi/bin/../lib/gcc/arm-none-eabi/10.3.1/../../../../arm-none-eabi/lib/thumb/v7e-m/nofp\libg.a(lib_a-mallocr.o)
                0x20009c54                __malloc_top_pad
 .bss.errno     0x20009c58        0x4 e:/myinstall/arm-none-eabi/bin/../lib/gcc/arm-none-eabi/10.3.1/../../../../arm-none-eabi/lib/thumb/v7e-m/nofp\libg.a(lib_a-reent.o)
                0x20009c58                errno
 *(COMMON)
                0x20009c5c                . = ALIGN (0x4)
                0x20009c5c                _ebss = .
                0x20009c5c                __bss_end__ = _ebss

._user_heap_stack
                0x20009c5c      0x604 load address 0x0800cc8c
                0x20009c60                . = ALIGN (0x8)
 *fill*         0x20009c5c        0x4 
                [!provide]                PROVIDE (end = .)
                0x20009c60                PROVIDE (_end = .)
                0x20009e60                . = (. + _Min_Heap_Size)
 *fill*         0x20009c60      0x200 
                0x2000a260                . = (. + _Min_Stack_Size)
 *fill*         0x20009e60      0x400 
                0x2000a260                . = ALIGN (0x8)

/DISCARD/
 libc.a(*)
 libm.a(*)
 libgcc.a(*)

.ARM.attributes
                0x00000000       0x2c
 *(.ARM.attributes)
 .ARM.attributes
                0x00000000       0x1e e:/myinstall/arm-none-eabi/bin/../lib/gcc/arm-none-eabi/10.3.1/thumb/v7e-m/nofp/crti.o
 .ARM.attributes
                0x0000001e       0x2e e:/myinstall/arm-none-eabi/bin/../lib/gcc/arm-none-eabi/10.3.1/thumb/v7e-m/nofp/crtbegin.o
 .ARM.attributes
                0x0000004c       0x2e CMakeFiles/liteos.elf.dir/Core/Src/gpio.c.obj
 .ARM.attributes
                0x0000007a       0x2e CMakeFiles/liteos.elf.dir/Core/Src/main.c.obj
 .ARM.attributes
                0x000000a8       0x2e CMakeFiles/liteos.elf.dir/Core/Src/stm32f4xx_hal_msp.c.obj
 .ARM.attributes
                0x000000d6       0x2e CMakeFiles/liteos.elf.dir/Core/Src/stm32f4xx_it.c.obj
 .ARM.attributes
                0x00000104       0x2e CMakeFiles/liteos.elf.dir/Core/Src/syscalls.c.obj
 .ARM.attributes
                0x00000132       0x2e CMakeFiles/liteos.elf.dir/Core/Src/sysmem.c.obj
 .ARM.attributes
                0x00000160       0x2e CMakeFiles/liteos.elf.dir/Core/Src/system_stm32f4xx.c.obj
 .ARM.attributes
                0x0000018e       0x2e CMakeFiles/liteos.elf.dir/Core/Src/usart.c.obj
 .ARM.attributes
                0x000001bc       0x21 CMakeFiles/liteos.elf.dir/Core/Startup/startup_stm32f401retx.s.obj
 .ARM.attributes
                0x000001dd       0x2e CMakeFiles/liteos.elf.dir/Drivers/STM32F4xx_HAL_Driver/Src/stm32f4xx_hal.c.obj
 .ARM.attributes
                0x0000020b       0x2e CMakeFiles/liteos.elf.dir/Drivers/STM32F4xx_HAL_Driver/Src/stm32f4xx_hal_cortex.c.obj
 .ARM.attributes
                0x00000239       0x2e CMakeFiles/liteos.elf.dir/Drivers/STM32F4xx_HAL_Driver/Src/stm32f4xx_hal_gpio.c.obj
 .ARM.attributes
                0x00000267       0x2e CMakeFiles/liteos.elf.dir/Drivers/STM32F4xx_HAL_Driver/Src/stm32f4xx_hal_rcc.c.obj
 .ARM.attributes
                0x00000295       0x2e CMakeFiles/liteos.elf.dir/Drivers/STM32F4xx_HAL_Driver/Src/stm32f4xx_hal_uart.c.obj
 .ARM.attributes
                0x000002c3       0x2e CMakeFiles/liteos.elf.dir/kernel/arch/los_context.c.obj
 .ARM.attributes
                0x000002f1       0x1e CMakeFiles/liteos.elf.dir/kernel/arch/los_dispatch.s.obj
 .ARM.attributes
                0x0000030f       0x2e CMakeFiles/liteos.elf.dir/kernel/arch/los_interrupt.c.obj
 .ARM.attributes
                0x0000033d       0x2e CMakeFiles/liteos.elf.dir/kernel/arch/los_timer.c.obj
 .ARM.attributes
                0x0000036b       0x2e CMakeFiles/liteos.elf.dir/kernel/src/los_debug.c.obj
 .ARM.attributes
                0x00000399       0x2e CMakeFiles/liteos.elf.dir/kernel/src/los_event.c.obj
 .ARM.attributes
                0x000003c7       0x2e CMakeFiles/liteos.elf.dir/kernel/src/los_init.c.obj
 .ARM.attributes
                0x000003f5       0x2e CMakeFiles/liteos.elf.dir/kernel/src/los_mux.c.obj
 .ARM.attributes
                0x00000423       0x2e CMakeFiles/liteos.elf.dir/kernel/src/los_queue.c.obj
 .ARM.attributes
                0x00000451       0x2e CMakeFiles/liteos.elf.dir/kernel/src/los_sched.c.obj
 .ARM.attributes
                0x0000047f       0x2e CMakeFiles/liteos.elf.dir/kernel/src/los_sem.c.obj
 .ARM.attributes
                0x000004ad       0x2e CMakeFiles/liteos.elf.dir/kernel/src/los_sortlink.c.obj
 .ARM.attributes
                0x000004db       0x2e CMakeFiles/liteos.elf.dir/kernel/src/los_swtmr.c.obj
 .ARM.attributes
                0x00000509       0x2e CMakeFiles/liteos.elf.dir/kernel/src/los_task.c.obj
 .ARM.attributes
                0x00000537       0x2e CMakeFiles/liteos.elf.dir/kernel/src/los_tick.c.obj
 .ARM.attributes
                0x00000565       0x2e CMakeFiles/liteos.elf.dir/kernel/src/mm/los_memory.c.obj
 .ARM.attributes
                0x00000593       0x1e e:/myinstall/arm-none-eabi/bin/../lib/gcc/arm-none-eabi/10.3.1/thumb/v7e-m/nofp\libgcc.a(_arm_addsubdf3.o)
 .ARM.attributes
                0x000005b1       0x1e e:/myinstall/arm-none-eabi/bin/../lib/gcc/arm-none-eabi/10.3.1/thumb/v7e-m/nofp\libgcc.a(_arm_muldivdf3.o)
 .ARM.attributes
                0x000005cf       0x1e e:/myinstall/arm-none-eabi/bin/../lib/gcc/arm-none-eabi/10.3.1/thumb/v7e-m/nofp\libgcc.a(_aeabi_uldivmod.o)
 .ARM.attributes
                0x000005ed       0x2e e:/myinstall/arm-none-eabi/bin/../lib/gcc/arm-none-eabi/10.3.1/thumb/v7e-m/nofp\libgcc.a(_udivmoddi4.o)
 .ARM.attributes
                0x0000061b       0x1e e:/myinstall/arm-none-eabi/bin/../lib/gcc/arm-none-eabi/10.3.1/thumb/v7e-m/nofp\libgcc.a(_dvmd_tls.o)
 .ARM.attributes
                0x00000639       0x2e e:/myinstall/arm-none-eabi/bin/../lib/gcc/arm-none-eabi/10.3.1/../../../../arm-none-eabi/lib/thumb/v7e-m/nofp\libg.a(lib_a-errno.o)
 .ARM.attributes
                0x00000667       0x2e e:/myinstall/arm-none-eabi/bin/../lib/gcc/arm-none-eabi/10.3.1/../../../../arm-none-eabi/lib/thumb/v7e-m/nofp\libg.a(lib_a-impure.o)
 .ARM.attributes
                0x00000695       0x2e e:/myinstall/arm-none-eabi/bin/../lib/gcc/arm-none-eabi/10.3.1/../../../../arm-none-eabi/lib/thumb/v7e-m/nofp\libg.a(lib_a-init.o)
 .ARM.attributes
                0x000006c3       0x1c e:/myinstall/arm-none-eabi/bin/../lib/gcc/arm-none-eabi/10.3.1/../../../../arm-none-eabi/lib/thumb/v7e-m/nofp\libg.a(lib_a-memcpy.o)
 .ARM.attributes
                0x000006df       0x2e e:/myinstall/arm-none-eabi/bin/../lib/gcc/arm-none-eabi/10.3.1/../../../../arm-none-eabi/lib/thumb/v7e-m/nofp\libg.a(lib_a-memset.o)
 .ARM.attributes
                0x0000070d       0x2e e:/myinstall/arm-none-eabi/bin/../lib/gcc/arm-none-eabi/10.3.1/../../../../arm-none-eabi/lib/thumb/v7e-m/nofp\libg.a(lib_a-printf.o)
 .ARM.attributes
                0x0000073b       0x2e e:/myinstall/arm-none-eabi/bin/../lib/gcc/arm-none-eabi/10.3.1/../../../../arm-none-eabi/lib/thumb/v7e-m/nofp\libg.a(lib_a-puts.o)
 .ARM.attributes
                0x00000769       0x2e e:/myinstall/arm-none-eabi/bin/../lib/gcc/arm-none-eabi/10.3.1/../../../../arm-none-eabi/lib/thumb/v7e-m/nofp\libg.a(lib_a-strcpy.o)
 .ARM.attributes
                0x00000797       0x1c e:/myinstall/arm-none-eabi/bin/../lib/gcc/arm-none-eabi/10.3.1/../../../../arm-none-eabi/lib/thumb/v7e-m/nofp\libg.a(lib_a-strlen.o)
 .ARM.attributes
                0x000007b3       0x2e e:/myinstall/arm-none-eabi/bin/../lib/gcc/arm-none-eabi/10.3.1/../../../../arm-none-eabi/lib/thumb/v7e-m/nofp\libg.a(lib_a-vfprintf.o)
 .ARM.attributes
                0x000007e1       0x2e e:/myinstall/arm-none-eabi/bin/../lib/gcc/arm-none-eabi/10.3.1/../../../../arm-none-eabi/lib/thumb/v7e-m/nofp\libg.a(lib_a-wsetup.o)
 .ARM.attributes
                0x0000080f       0x2e e:/myinstall/arm-none-eabi/bin/../lib/gcc/arm-none-eabi/10.3.1/../../../../arm-none-eabi/lib/thumb/v7e-m/nofp\libg.a(lib_a-__call_atexit.o)
 .ARM.attributes
                0x0000083d       0x2e e:/myinstall/arm-none-eabi/bin/../lib/gcc/arm-none-eabi/10.3.1/../../../../arm-none-eabi/lib/thumb/v7e-m/nofp\libg.a(lib_a-atexit.o)
 .ARM.attributes
                0x0000086b       0x2e e:/myinstall/arm-none-eabi/bin/../lib/gcc/arm-none-eabi/10.3.1/../../../../arm-none-eabi/lib/thumb/v7e-m/nofp\libg.a(lib_a-dtoa.o)
 .ARM.attributes
                0x00000899       0x2e e:/myinstall/arm-none-eabi/bin/../lib/gcc/arm-none-eabi/10.3.1/../../../../arm-none-eabi/lib/thumb/v7e-m/nofp\libg.a(lib_a-fflush.o)
 .ARM.attributes
                0x000008c7       0x2e e:/myinstall/arm-none-eabi/bin/../lib/gcc/arm-none-eabi/10.3.1/../../../../arm-none-eabi/lib/thumb/v7e-m/nofp\libg.a(lib_a-findfp.o)
 .ARM.attributes
                0x000008f5       0x2e e:/myinstall/arm-none-eabi/bin/../lib/gcc/arm-none-eabi/10.3.1/../../../../arm-none-eabi/lib/thumb/v7e-m/nofp\libg.a(lib_a-fini.o)
 .ARM.attributes
                0x00000923       0x2e e:/myinstall/arm-none-eabi/bin/../lib/gcc/arm-none-eabi/10.3.1/../../../../arm-none-eabi/lib/thumb/v7e-m/nofp\libg.a(lib_a-freer.o)
 .ARM.attributes
                0x00000951       0x2e e:/myinstall/arm-none-eabi/bin/../lib/gcc/arm-none-eabi/10.3.1/../../../../arm-none-eabi/lib/thumb/v7e-m/nofp\libg.a(lib_a-fvwrite.o)
 .ARM.attributes
                0x0000097f       0x2e e:/myinstall/arm-none-eabi/bin/../lib/gcc/arm-none-eabi/10.3.1/../../../../arm-none-eabi/lib/thumb/v7e-m/nofp\libg.a(lib_a-fwalk.o)
 .ARM.attributes
                0x000009ad       0x2e e:/myinstall/arm-none-eabi/bin/../lib/gcc/arm-none-eabi/10.3.1/../../../../arm-none-eabi/lib/thumb/v7e-m/nofp\libg.a(lib_a-localeconv.o)
 .ARM.attributes
                0x000009db       0x2e e:/myinstall/arm-none-eabi/bin/../lib/gcc/arm-none-eabi/10.3.1/../../../../arm-none-eabi/lib/thumb/v7e-m/nofp\libg.a(lib_a-lock.o)
 .ARM.attributes
                0x00000a09       0x2e e:/myinstall/arm-none-eabi/bin/../lib/gcc/arm-none-eabi/10.3.1/../../../../arm-none-eabi/lib/thumb/v7e-m/nofp\libg.a(lib_a-makebuf.o)
 .ARM.attributes
                0x00000a37       0x2e e:/myinstall/arm-none-eabi/bin/../lib/gcc/arm-none-eabi/10.3.1/../../../../arm-none-eabi/lib/thumb/v7e-m/nofp\libg.a(lib_a-mallocr.o)
 .ARM.attributes
                0x00000a65       0x1c e:/myinstall/arm-none-eabi/bin/../lib/gcc/arm-none-eabi/10.3.1/../../../../arm-none-eabi/lib/thumb/v7e-m/nofp\libg.a(lib_a-memchr.o)
 .ARM.attributes
                0x00000a81       0x2e e:/myinstall/arm-none-eabi/bin/../lib/gcc/arm-none-eabi/10.3.1/../../../../arm-none-eabi/lib/thumb/v7e-m/nofp\libg.a(lib_a-memmove.o)
 .ARM.attributes